login as: root
root@192.168.15.168's password:
    ┌──────────────────────────────────────────────────────────────────────┐
    │                 • MobaXterm Personal Edition v23.0 •                 │
    │               (SSH client, X server and network tools)               │
    │                                                                      │
    │ ⮞ SSH session to root@192.168.15.168                                 │
    │   • Direct SSH      :  ✓                                             │
    │   • SSH compression :  ✓                                             │
    │   • SSH-browser     :  ✓                                             │
    │   • X11-forwarding  :  ✗  (disabled or not supported by server)      │
    │                                                                      │
    │ ⮞ For more info, ctrl+click on help or visit our website.            │
    └──────────────────────────────────────────────────────────────────────┘

Last login: Sat Jul  8 20:46:11 2023
[root@localhost ~]# lsblk
NAME            MAJ:MIN RM  SIZE RO TYPE MOUNTPOINT
sda               8:0    0   20G  0 disk
├─sda1            8:1    0    1G  0 part /boot
└─sda2            8:2    0   19G  0 part
  ├─centos-root 253:0    0   17G  0 lvm  /
  └─centos-swap 253:1    0    2G  0 lvm  [SWAP]
sdb               8:16   0   20G  0 disk
sdc               8:32   0   20G  0 disk
sr0              11:0    1  973M  0 rom
[root@localhost ~]# yum clean all
Loaded plugins: fastestmirror
Cleaning repos: base extras updates
[root@localhost ~]# yum update
Loaded plugins: fastestmirror
Determining fastest mirrors
 * base: centos.excellmedia.net
 * extras: centos.excellmedia.net
 * updates: centos.excellmedia.net
base                                                     | 3.6 kB     00:00
extras                                                   | 2.9 kB     00:00
updates                                                  | 2.9 kB     00:00
(1/4): base/7/x86_64/group_gz                              | 153 kB   00:00
(2/4): extras/7/x86_64/primary_db                          | 250 kB   00:00
(3/4): base/7/x86_64/primary_db                            | 6.1 MB   00:00
(4/4): updates/7/x86_64/primary_db                         |  22 MB   00:01
Resolving Dependencies
--> Running transaction check
---> Package NetworkManager.x86_64 1:1.18.8-1.el7 will be updated
---> Package NetworkManager.x86_64 1:1.18.8-2.el7_9 will be an update
---> Package NetworkManager-libnm.x86_64 1:1.18.8-1.el7 will be updated
---> Package NetworkManager-libnm.x86_64 1:1.18.8-2.el7_9 will be an update
---> Package NetworkManager-team.x86_64 1:1.18.8-1.el7 will be updated
---> Package NetworkManager-team.x86_64 1:1.18.8-2.el7_9 will be an update
---> Package NetworkManager-tui.x86_64 1:1.18.8-1.el7 will be updated
---> Package NetworkManager-tui.x86_64 1:1.18.8-2.el7_9 will be an update
---> Package NetworkManager-wifi.x86_64 1:1.18.8-1.el7 will be updated
---> Package NetworkManager-wifi.x86_64 1:1.18.8-2.el7_9 will be an update
---> Package bash.x86_64 0:4.2.46-34.el7 will be updated
---> Package bash.x86_64 0:4.2.46-35.el7_9 will be an update
---> Package bind-export-libs.x86_64 32:9.11.4-26.P2.el7 will be updated
---> Package bind-export-libs.x86_64 32:9.11.4-26.P2.el7_9.13 will be an update
---> Package binutils.x86_64 0:2.27-44.base.el7 will be updated
---> Package binutils.x86_64 0:2.27-44.base.el7_9.1 will be an update
---> Package ca-certificates.noarch 0:2020.2.41-70.0.el7_8 will be updated
---> Package ca-certificates.noarch 0:2022.2.54-74.el7_9 will be an update
---> Package centos-release.x86_64 0:7-9.2009.0.el7.centos will be updated
---> Package centos-release.x86_64 0:7-9.2009.1.el7.centos will be an update
---> Package coreutils.x86_64 0:8.22-24.el7 will be updated
---> Package coreutils.x86_64 0:8.22-24.el7_9.2 will be an update
---> Package cronie.x86_64 0:1.4.11-23.el7 will be updated
---> Package cronie.x86_64 0:1.4.11-25.el7_9 will be an update
---> Package cronie-anacron.x86_64 0:1.4.11-23.el7 will be updated
---> Package cronie-anacron.x86_64 0:1.4.11-25.el7_9 will be an update
---> Package curl.x86_64 0:7.29.0-59.el7 will be updated
---> Package curl.x86_64 0:7.29.0-59.el7_9.1 will be an update
---> Package cyrus-sasl-lib.x86_64 0:2.1.26-23.el7 will be updated
---> Package cyrus-sasl-lib.x86_64 0:2.1.26-24.el7_9 will be an update
---> Package device-mapper.x86_64 7:1.02.170-6.el7 will be updated
---> Package device-mapper.x86_64 7:1.02.170-6.el7_9.5 will be an update
---> Package device-mapper-event.x86_64 7:1.02.170-6.el7 will be updated
---> Package device-mapper-event.x86_64 7:1.02.170-6.el7_9.5 will be an update
---> Package device-mapper-event-libs.x86_64 7:1.02.170-6.el7 will be updated
---> Package device-mapper-event-libs.x86_64 7:1.02.170-6.el7_9.5 will be an upd                       ate
---> Package device-mapper-libs.x86_64 7:1.02.170-6.el7 will be updated
---> Package device-mapper-libs.x86_64 7:1.02.170-6.el7_9.5 will be an update
---> Package device-mapper-persistent-data.x86_64 0:0.8.5-3.el7 will be updated
---> Package device-mapper-persistent-data.x86_64 0:0.8.5-3.el7_9.2 will be an u                       pdate
---> Package dhclient.x86_64 12:4.2.5-82.el7.centos will be updated
---> Package dhclient.x86_64 12:4.2.5-83.el7.centos.1 will be an update
---> Package dhcp-common.x86_64 12:4.2.5-82.el7.centos will be updated
---> Package dhcp-common.x86_64 12:4.2.5-83.el7.centos.1 will be an update
---> Package dhcp-libs.x86_64 12:4.2.5-82.el7.centos will be updated
---> Package dhcp-libs.x86_64 12:4.2.5-83.el7.centos.1 will be an update
---> Package diffutils.x86_64 0:3.3-5.el7 will be updated
---> Package diffutils.x86_64 0:3.3-6.el7_9 will be an update
---> Package dmidecode.x86_64 1:3.2-5.el7 will be updated
---> Package dmidecode.x86_64 1:3.2-5.el7_9.1 will be an update
---> Package expat.x86_64 0:2.1.0-12.el7 will be updated
---> Package expat.x86_64 0:2.1.0-15.el7_9 will be an update
---> Package firewalld.noarch 0:0.6.3-11.el7 will be updated
---> Package firewalld.noarch 0:0.6.3-13.el7_9 will be an update
---> Package firewalld-filesystem.noarch 0:0.6.3-11.el7 will be updated
---> Package firewalld-filesystem.noarch 0:0.6.3-13.el7_9 will be an update
---> Package freetype.x86_64 0:2.8-14.el7 will be updated
---> Package freetype.x86_64 0:2.8-14.el7_9.1 will be an update
---> Package glib2.x86_64 0:2.56.1-7.el7 will be updated
---> Package glib2.x86_64 0:2.56.1-9.el7_9 will be an update
---> Package glibc.x86_64 0:2.17-317.el7 will be updated
---> Package glibc.x86_64 0:2.17-326.el7_9 will be an update
---> Package glibc-common.x86_64 0:2.17-317.el7 will be updated
---> Package glibc-common.x86_64 0:2.17-326.el7_9 will be an update
---> Package grub2.x86_64 1:2.02-0.86.el7.centos will be updated
---> Package grub2.x86_64 1:2.02-0.87.0.2.el7.centos.11 will be an update
---> Package grub2-common.noarch 1:2.02-0.86.el7.centos will be updated
---> Package grub2-common.noarch 1:2.02-0.87.0.2.el7.centos.11 will be an update
---> Package grub2-pc.x86_64 1:2.02-0.86.el7.centos will be updated
---> Package grub2-pc.x86_64 1:2.02-0.87.0.2.el7.centos.11 will be an update
---> Package grub2-pc-modules.noarch 1:2.02-0.86.el7.centos will be updated
---> Package grub2-pc-modules.noarch 1:2.02-0.87.0.2.el7.centos.11 will be an up                       date
---> Package grub2-tools.x86_64 1:2.02-0.86.el7.centos will be updated
---> Package grub2-tools.x86_64 1:2.02-0.87.0.2.el7.centos.11 will be an update
---> Package grub2-tools-extra.x86_64 1:2.02-0.86.el7.centos will be updated
---> Package grub2-tools-extra.x86_64 1:2.02-0.87.0.2.el7.centos.11 will be an u                       pdate
---> Package grub2-tools-minimal.x86_64 1:2.02-0.86.el7.centos will be updated
---> Package grub2-tools-minimal.x86_64 1:2.02-0.87.0.2.el7.centos.11 will be an                        update
---> Package gzip.x86_64 0:1.5-10.el7 will be updated
---> Package gzip.x86_64 0:1.5-11.el7_9 will be an update
---> Package initscripts.x86_64 0:9.49.53-1.el7 will be updated
---> Package initscripts.x86_64 0:9.49.53-1.el7_9.1 will be an update
---> Package iprutils.x86_64 0:2.4.17.1-3.el7 will be updated
---> Package iprutils.x86_64 0:2.4.17.1-3.el7_7 will be an update
---> Package iwl100-firmware.noarch 0:39.31.5.1-79.el7 will be updated
---> Package iwl100-firmware.noarch 0:39.31.5.1-80.el7_9 will be an update
---> Package iwl1000-firmware.noarch 1:39.31.5.1-79.el7 will be updated
---> Package iwl1000-firmware.noarch 1:39.31.5.1-80.el7_9 will be an update
---> Package iwl105-firmware.noarch 0:18.168.6.1-79.el7 will be updated
---> Package iwl105-firmware.noarch 0:18.168.6.1-80.el7_9 will be an update
---> Package iwl135-firmware.noarch 0:18.168.6.1-79.el7 will be updated
---> Package iwl135-firmware.noarch 0:18.168.6.1-80.el7_9 will be an update
---> Package iwl2000-firmware.noarch 0:18.168.6.1-79.el7 will be updated
---> Package iwl2000-firmware.noarch 0:18.168.6.1-80.el7_9 will be an update
---> Package iwl2030-firmware.noarch 0:18.168.6.1-79.el7 will be updated
---> Package iwl2030-firmware.noarch 0:18.168.6.1-80.el7_9 will be an update
---> Package iwl3160-firmware.noarch 0:25.30.13.0-79.el7 will be updated
---> Package iwl3160-firmware.noarch 0:25.30.13.0-80.el7_9 will be an update
---> Package iwl3945-firmware.noarch 0:15.32.2.9-79.el7 will be updated
---> Package iwl3945-firmware.noarch 0:15.32.2.9-80.el7_9 will be an update
---> Package iwl4965-firmware.noarch 0:228.61.2.24-79.el7 will be updated
---> Package iwl4965-firmware.noarch 0:228.61.2.24-80.el7_9 will be an update
---> Package iwl5000-firmware.noarch 0:8.83.5.1_1-79.el7 will be updated
---> Package iwl5000-firmware.noarch 0:8.83.5.1_1-80.el7_9 will be an update
---> Package iwl5150-firmware.noarch 0:8.24.2.2-79.el7 will be updated
---> Package iwl5150-firmware.noarch 0:8.24.2.2-80.el7_9 will be an update
---> Package iwl6000-firmware.noarch 0:9.221.4.1-79.el7 will be updated
---> Package iwl6000-firmware.noarch 0:9.221.4.1-80.el7_9 will be an update
---> Package iwl6000g2a-firmware.noarch 0:18.168.6.1-79.el7 will be updated
---> Package iwl6000g2a-firmware.noarch 0:18.168.6.1-80.el7_9 will be an update
---> Package iwl6000g2b-firmware.noarch 0:18.168.6.1-79.el7 will be updated
---> Package iwl6000g2b-firmware.noarch 0:18.168.6.1-80.el7_9 will be an update
---> Package iwl6050-firmware.noarch 0:41.28.5.1-79.el7 will be updated
---> Package iwl6050-firmware.noarch 0:41.28.5.1-80.el7_9 will be an update
---> Package iwl7260-firmware.noarch 0:25.30.13.0-79.el7 will be updated
---> Package iwl7260-firmware.noarch 0:25.30.13.0-80.el7_9 will be an update
---> Package kbd.x86_64 0:1.15.5-15.el7 will be updated
---> Package kbd.x86_64 0:1.15.5-16.el7_9 will be an update
---> Package kbd-legacy.noarch 0:1.15.5-15.el7 will be updated
---> Package kbd-legacy.noarch 0:1.15.5-16.el7_9 will be an update
---> Package kbd-misc.noarch 0:1.15.5-15.el7 will be updated
---> Package kbd-misc.noarch 0:1.15.5-16.el7_9 will be an update
---> Package kernel.x86_64 0:3.10.0-1160.92.1.el7 will be installed
---> Package kernel-tools.x86_64 0:3.10.0-1160.el7 will be updated
---> Package kernel-tools.x86_64 0:3.10.0-1160.92.1.el7 will be an update
---> Package kernel-tools-libs.x86_64 0:3.10.0-1160.el7 will be updated
---> Package kernel-tools-libs.x86_64 0:3.10.0-1160.92.1.el7 will be an update
---> Package kexec-tools.x86_64 0:2.0.15-51.el7 will be updated
---> Package kexec-tools.x86_64 0:2.0.15-51.el7_9.3 will be an update
---> Package kpartx.x86_64 0:0.4.9-133.el7 will be updated
---> Package kpartx.x86_64 0:0.4.9-136.el7_9 will be an update
---> Package krb5-libs.x86_64 0:1.15.1-50.el7 will be updated
---> Package krb5-libs.x86_64 0:1.15.1-55.el7_9 will be an update
---> Package libblkid.x86_64 0:2.23.2-65.el7 will be updated
---> Package libblkid.x86_64 0:2.23.2-65.el7_9.1 will be an update
---> Package libcroco.x86_64 0:0.6.12-4.el7 will be updated
---> Package libcroco.x86_64 0:0.6.12-6.el7_9 will be an update
---> Package libcurl.x86_64 0:7.29.0-59.el7 will be updated
---> Package libcurl.x86_64 0:7.29.0-59.el7_9.1 will be an update
---> Package libmount.x86_64 0:2.23.2-65.el7 will be updated
---> Package libmount.x86_64 0:2.23.2-65.el7_9.1 will be an update
---> Package libsmartcols.x86_64 0:2.23.2-65.el7 will be updated
---> Package libsmartcols.x86_64 0:2.23.2-65.el7_9.1 will be an update
---> Package libuuid.x86_64 0:2.23.2-65.el7 will be updated
---> Package libuuid.x86_64 0:2.23.2-65.el7_9.1 will be an update
---> Package libxml2.x86_64 0:2.9.1-6.el7.5 will be updated
---> Package libxml2.x86_64 0:2.9.1-6.el7_9.6 will be an update
---> Package linux-firmware.noarch 0:20200421-79.git78c0348.el7 will be updated
---> Package linux-firmware.noarch 0:20200421-80.git78c0348.el7_9 will be an upd                       ate
---> Package lvm2.x86_64 7:2.02.187-6.el7 will be updated
---> Package lvm2.x86_64 7:2.02.187-6.el7_9.5 will be an update
---> Package lvm2-libs.x86_64 7:2.02.187-6.el7 will be updated
---> Package lvm2-libs.x86_64 7:2.02.187-6.el7_9.5 will be an update
---> Package microcode_ctl.x86_64 2:2.1-73.el7 will be updated
---> Package microcode_ctl.x86_64 2:2.1-73.15.el7_9 will be an update
---> Package nspr.x86_64 0:4.21.0-1.el7 will be updated
---> Package nspr.x86_64 0:4.34.0-3.1.el7_9 will be an update
---> Package nss.x86_64 0:3.44.0-7.el7_7 will be updated
---> Package nss.x86_64 0:3.79.0-5.el7_9 will be an update
---> Package nss-pem.x86_64 0:1.0.3-7.el7 will be updated
---> Package nss-pem.x86_64 0:1.0.3-7.el7_9.1 will be an update
---> Package nss-softokn.x86_64 0:3.44.0-8.el7_7 will be updated
---> Package nss-softokn.x86_64 0:3.79.0-4.el7_9 will be an update
---> Package nss-softokn-freebl.x86_64 0:3.44.0-8.el7_7 will be updated
---> Package nss-softokn-freebl.x86_64 0:3.79.0-4.el7_9 will be an update
---> Package nss-sysinit.x86_64 0:3.44.0-7.el7_7 will be updated
---> Package nss-sysinit.x86_64 0:3.79.0-5.el7_9 will be an update
---> Package nss-tools.x86_64 0:3.44.0-7.el7_7 will be updated
---> Package nss-tools.x86_64 0:3.79.0-5.el7_9 will be an update
---> Package nss-util.x86_64 0:3.44.0-4.el7_7 will be updated
---> Package nss-util.x86_64 0:3.79.0-1.el7_9 will be an update
---> Package openldap.x86_64 0:2.4.44-22.el7 will be updated
---> Package openldap.x86_64 0:2.4.44-25.el7_9 will be an update
---> Package openssh.x86_64 0:7.4p1-21.el7 will be updated
---> Package openssh.x86_64 0:7.4p1-22.el7_9 will be an update
---> Package openssh-clients.x86_64 0:7.4p1-21.el7 will be updated
---> Package openssh-clients.x86_64 0:7.4p1-22.el7_9 will be an update
---> Package openssh-server.x86_64 0:7.4p1-21.el7 will be updated
---> Package openssh-server.x86_64 0:7.4p1-22.el7_9 will be an update
---> Package openssl.x86_64 1:1.0.2k-19.el7 will be updated
---> Package openssl.x86_64 1:1.0.2k-26.el7_9 will be an update
---> Package openssl-libs.x86_64 1:1.0.2k-19.el7 will be updated
---> Package openssl-libs.x86_64 1:1.0.2k-26.el7_9 will be an update
---> Package polkit.x86_64 0:0.112-26.el7 will be updated
---> Package polkit.x86_64 0:0.112-26.el7_9.1 will be an update
---> Package python.x86_64 0:2.7.5-89.el7 will be updated
---> Package python.x86_64 0:2.7.5-93.el7_9 will be an update
---> Package python-firewall.noarch 0:0.6.3-11.el7 will be updated
---> Package python-firewall.noarch 0:0.6.3-13.el7_9 will be an update
---> Package python-libs.x86_64 0:2.7.5-89.el7 will be updated
---> Package python-libs.x86_64 0:2.7.5-93.el7_9 will be an update
---> Package python-perf.x86_64 0:3.10.0-1160.el7 will be updated
---> Package python-perf.x86_64 0:3.10.0-1160.92.1.el7 will be an update
---> Package rpm.x86_64 0:4.11.3-45.el7 will be updated
---> Package rpm.x86_64 0:4.11.3-48.el7_9 will be an update
---> Package rpm-build-libs.x86_64 0:4.11.3-45.el7 will be updated
---> Package rpm-build-libs.x86_64 0:4.11.3-48.el7_9 will be an update
---> Package rpm-libs.x86_64 0:4.11.3-45.el7 will be updated
---> Package rpm-libs.x86_64 0:4.11.3-48.el7_9 will be an update
---> Package rpm-python.x86_64 0:4.11.3-45.el7 will be updated
---> Package rpm-python.x86_64 0:4.11.3-48.el7_9 will be an update
---> Package rsyslog.x86_64 0:8.24.0-55.el7 will be updated
---> Package rsyslog.x86_64 0:8.24.0-57.el7_9.3 will be an update
---> Package selinux-policy.noarch 0:3.13.1-268.el7 will be updated
---> Package selinux-policy.noarch 0:3.13.1-268.el7_9.2 will be an update
---> Package selinux-policy-targeted.noarch 0:3.13.1-268.el7 will be updated
---> Package selinux-policy-targeted.noarch 0:3.13.1-268.el7_9.2 will be an upda                       te
---> Package sudo.x86_64 0:1.8.23-10.el7 will be updated
---> Package sudo.x86_64 0:1.8.23-10.el7_9.3 will be an update
---> Package systemd.x86_64 0:219-78.el7 will be updated
---> Package systemd.x86_64 0:219-78.el7_9.7 will be an update
---> Package systemd-libs.x86_64 0:219-78.el7 will be updated
---> Package systemd-libs.x86_64 0:219-78.el7_9.7 will be an update
---> Package systemd-sysv.x86_64 0:219-78.el7 will be updated
---> Package systemd-sysv.x86_64 0:219-78.el7_9.7 will be an update
---> Package tuned.noarch 0:2.11.0-9.el7 will be updated
---> Package tuned.noarch 0:2.11.0-12.el7_9 will be an update
---> Package tzdata.noarch 0:2020a-1.el7 will be updated
---> Package tzdata.noarch 0:2023c-1.el7 will be an update
---> Package util-linux.x86_64 0:2.23.2-65.el7 will be updated
---> Package util-linux.x86_64 0:2.23.2-65.el7_9.1 will be an update
---> Package vim-minimal.x86_64 2:7.4.629-7.el7 will be updated
---> Package vim-minimal.x86_64 2:7.4.629-8.el7_9 will be an update
---> Package virt-what.x86_64 0:1.18-4.el7 will be updated
---> Package virt-what.x86_64 0:1.18-4.el7_9.1 will be an update
---> Package wpa_supplicant.x86_64 1:2.6-12.el7 will be updated
---> Package wpa_supplicant.x86_64 1:2.6-12.el7_9.2 will be an update
---> Package xz.x86_64 0:5.2.2-1.el7 will be updated
---> Package xz.x86_64 0:5.2.2-2.el7_9 will be an update
---> Package xz-libs.x86_64 0:5.2.2-1.el7 will be updated
---> Package xz-libs.x86_64 0:5.2.2-2.el7_9 will be an update
---> Package zlib.x86_64 0:1.2.7-18.el7 will be updated
---> Package zlib.x86_64 0:1.2.7-21.el7_9 will be an update
--> Finished Dependency Resolution

Dependencies Resolved

================================================================================
 Package                     Arch   Version                       Repository
                                                                           Size
================================================================================
Installing:
 kernel                      x86_64 3.10.0-1160.92.1.el7          updates  52 M
Updating:
 NetworkManager              x86_64 1:1.18.8-2.el7_9              updates 1.9 M
 NetworkManager-libnm        x86_64 1:1.18.8-2.el7_9              updates 1.7 M
 NetworkManager-team         x86_64 1:1.18.8-2.el7_9              updates 165 k
 NetworkManager-tui          x86_64 1:1.18.8-2.el7_9              updates 329 k
 NetworkManager-wifi         x86_64 1:1.18.8-2.el7_9              updates 202 k
 bash                        x86_64 4.2.46-35.el7_9               updates 1.0 M
 bind-export-libs            x86_64 32:9.11.4-26.P2.el7_9.13      updates 1.1 M
 binutils                    x86_64 2.27-44.base.el7_9.1          updates 5.9 M
 ca-certificates             noarch 2022.2.54-74.el7_9            updates 911 k
 centos-release              x86_64 7-9.2009.1.el7.centos         updates  27 k
 coreutils                   x86_64 8.22-24.el7_9.2               updates 3.3 M
 cronie                      x86_64 1.4.11-25.el7_9               updates  92 k
 cronie-anacron              x86_64 1.4.11-25.el7_9               updates  36 k
 curl                        x86_64 7.29.0-59.el7_9.1             updates 271 k
 cyrus-sasl-lib              x86_64 2.1.26-24.el7_9               updates 156 k
 device-mapper               x86_64 7:1.02.170-6.el7_9.5          updates 297 k
 device-mapper-event         x86_64 7:1.02.170-6.el7_9.5          updates 192 k
 device-mapper-event-libs    x86_64 7:1.02.170-6.el7_9.5          updates 192 k
 device-mapper-libs          x86_64 7:1.02.170-6.el7_9.5          updates 325 k
 device-mapper-persistent-data
                             x86_64 0.8.5-3.el7_9.2               updates 423 k
 dhclient                    x86_64 12:4.2.5-83.el7.centos.1      updates 286 k
 dhcp-common                 x86_64 12:4.2.5-83.el7.centos.1      updates 177 k
 dhcp-libs                   x86_64 12:4.2.5-83.el7.centos.1      updates 133 k
 diffutils                   x86_64 3.3-6.el7_9                   updates 322 k
 dmidecode                   x86_64 1:3.2-5.el7_9.1               updates  82 k
 expat                       x86_64 2.1.0-15.el7_9                updates  83 k
 firewalld                   noarch 0.6.3-13.el7_9                updates 449 k
 firewalld-filesystem        noarch 0.6.3-13.el7_9                updates  51 k
 freetype                    x86_64 2.8-14.el7_9.1                updates 380 k
 glib2                       x86_64 2.56.1-9.el7_9                updates 2.5 M
 glibc                       x86_64 2.17-326.el7_9                updates 3.6 M
 glibc-common                x86_64 2.17-326.el7_9                updates  12 M
 grub2                       x86_64 1:2.02-0.87.0.2.el7.centos.11 updates  34 k
 grub2-common                noarch 1:2.02-0.87.0.2.el7.centos.11 updates 733 k
 grub2-pc                    x86_64 1:2.02-0.87.0.2.el7.centos.11 updates  34 k
 grub2-pc-modules            noarch 1:2.02-0.87.0.2.el7.centos.11 updates 860 k
 grub2-tools                 x86_64 1:2.02-0.87.0.2.el7.centos.11 updates 1.8 M
 grub2-tools-extra           x86_64 1:2.02-0.87.0.2.el7.centos.11 updates 1.0 M
 grub2-tools-minimal         x86_64 1:2.02-0.87.0.2.el7.centos.11 updates 177 k
 gzip                        x86_64 1.5-11.el7_9                  updates 130 k
 initscripts                 x86_64 9.49.53-1.el7_9.1             updates 440 k
 iprutils                    x86_64 2.4.17.1-3.el7_7              updates 243 k
 iwl100-firmware             noarch 39.31.5.1-80.el7_9            updates 155 k
 iwl1000-firmware            noarch 1:39.31.5.1-80.el7_9          updates 215 k
 iwl105-firmware             noarch 18.168.6.1-80.el7_9           updates 234 k
 iwl135-firmware             noarch 18.168.6.1-80.el7_9           updates 243 k
 iwl2000-firmware            noarch 18.168.6.1-80.el7_9           updates 237 k
 iwl2030-firmware            noarch 18.168.6.1-80.el7_9           updates 245 k
 iwl3160-firmware            noarch 25.30.13.0-80.el7_9           updates 1.5 M
 iwl3945-firmware            noarch 15.32.2.9-80.el7_9            updates  96 k
 iwl4965-firmware            noarch 228.61.2.24-80.el7_9          updates 109 k
 iwl5000-firmware            noarch 8.83.5.1_1-80.el7_9           updates 289 k
 iwl5150-firmware            noarch 8.24.2.2-80.el7_9             updates 152 k
 iwl6000-firmware            noarch 9.221.4.1-80.el7_9            updates 171 k
 iwl6000g2a-firmware         noarch 18.168.6.1-80.el7_9           updates 304 k
 iwl6000g2b-firmware         noarch 18.168.6.1-80.el7_9           updates 305 k
 iwl6050-firmware            noarch 41.28.5.1-80.el7_9            updates 241 k
 iwl7260-firmware            noarch 25.30.13.0-80.el7_9           updates 6.1 M
 kbd                         x86_64 1.15.5-16.el7_9               updates 347 k
 kbd-legacy                  noarch 1.15.5-16.el7_9               updates 466 k
 kbd-misc                    noarch 1.15.5-16.el7_9               updates 1.4 M
 kernel-tools                x86_64 3.10.0-1160.92.1.el7          updates 8.2 M
 kernel-tools-libs           x86_64 3.10.0-1160.92.1.el7          updates 8.1 M
 kexec-tools                 x86_64 2.0.15-51.el7_9.3             updates 351 k
 kpartx                      x86_64 0.4.9-136.el7_9               updates  81 k
 krb5-libs                   x86_64 1.15.1-55.el7_9               updates 810 k
 libblkid                    x86_64 2.23.2-65.el7_9.1             updates 183 k
 libcroco                    x86_64 0.6.12-6.el7_9                updates 105 k
 libcurl                     x86_64 7.29.0-59.el7_9.1             updates 223 k
 libmount                    x86_64 2.23.2-65.el7_9.1             updates 185 k
 libsmartcols                x86_64 2.23.2-65.el7_9.1             updates 143 k
 libuuid                     x86_64 2.23.2-65.el7_9.1             updates  84 k
 libxml2                     x86_64 2.9.1-6.el7_9.6               updates 668 k
 linux-firmware              noarch 20200421-80.git78c0348.el7_9  updates  80 M
 lvm2                        x86_64 7:2.02.187-6.el7_9.5          updates 1.3 M
 lvm2-libs                   x86_64 7:2.02.187-6.el7_9.5          updates 1.1 M
 microcode_ctl               x86_64 2:2.1-73.15.el7_9             updates 4.5 M
 nspr                        x86_64 4.34.0-3.1.el7_9              updates 128 k
 nss                         x86_64 3.79.0-5.el7_9                updates 895 k
 nss-pem                     x86_64 1.0.3-7.el7_9.1               updates  75 k
 nss-softokn                 x86_64 3.79.0-4.el7_9                updates 379 k
 nss-softokn-freebl          x86_64 3.79.0-4.el7_9                updates 337 k
 nss-sysinit                 x86_64 3.79.0-5.el7_9                updates  66 k
 nss-tools                   x86_64 3.79.0-5.el7_9                updates 555 k
 nss-util                    x86_64 3.79.0-1.el7_9                updates  80 k
 openldap                    x86_64 2.4.44-25.el7_9               updates 356 k
 openssh                     x86_64 7.4p1-22.el7_9                updates 510 k
 openssh-clients             x86_64 7.4p1-22.el7_9                updates 655 k
 openssh-server              x86_64 7.4p1-22.el7_9                updates 459 k
 openssl                     x86_64 1:1.0.2k-26.el7_9             updates 494 k
 openssl-libs                x86_64 1:1.0.2k-26.el7_9             updates 1.2 M
 polkit                      x86_64 0.112-26.el7_9.1              updates 170 k
 python                      x86_64 2.7.5-93.el7_9                updates  96 k
 python-firewall             noarch 0.6.3-13.el7_9                updates 355 k
 python-libs                 x86_64 2.7.5-93.el7_9                updates 5.6 M
 python-perf                 x86_64 3.10.0-1160.92.1.el7          updates 8.2 M
 rpm                         x86_64 4.11.3-48.el7_9               updates 1.2 M
 rpm-build-libs              x86_64 4.11.3-48.el7_9               updates 108 k
 rpm-libs                    x86_64 4.11.3-48.el7_9               updates 279 k
 rpm-python                  x86_64 4.11.3-48.el7_9               updates  84 k
 rsyslog                     x86_64 8.24.0-57.el7_9.3             updates 622 k
 selinux-policy              noarch 3.13.1-268.el7_9.2            updates 498 k
 selinux-policy-targeted     noarch 3.13.1-268.el7_9.2            updates 7.0 M
 sudo                        x86_64 1.8.23-10.el7_9.3             updates 844 k
 systemd                     x86_64 219-78.el7_9.7                updates 5.1 M
 systemd-libs                x86_64 219-78.el7_9.7                updates 419 k
 systemd-sysv                x86_64 219-78.el7_9.7                updates  97 k
 tuned                       noarch 2.11.0-12.el7_9               updates 270 k
 tzdata                      noarch 2023c-1.el7                   updates 497 k
 util-linux                  x86_64 2.23.2-65.el7_9.1             updates 2.0 M
 vim-minimal                 x86_64 2:7.4.629-8.el7_9             updates 443 k
 virt-what                   x86_64 1.18-4.el7_9.1                updates  30 k
 wpa_supplicant              x86_64 1:2.6-12.el7_9.2              updates 1.2 M
 xz                          x86_64 5.2.2-2.el7_9                 updates 229 k
 xz-libs                     x86_64 5.2.2-2.el7_9                 updates 103 k
 zlib                        x86_64 1.2.7-21.el7_9                updates  90 k

Transaction Summary
================================================================================
Install    1 Package
Upgrade  116 Packages

Total download size: 255 M
Is this ok [y/d/N]: y
Downloading packages:
Delta RPMs disabled because /usr/bin/applydeltarpm not installed.
warning: /var/cache/yum/x86_64/7/updates/packages/NetworkManager-team-1.18.8-2.e                       l7_9.x86_64.rpm: Header V3 RSA/SHA256 Signature, key ID f4a80eb5: NOKEY
Public key for NetworkManager-team-1.18.8-2.el7_9.x86_64.rpm is not installed
(1/117): NetworkManager-team-1.18.8-2.el7_9.x86_64.rpm     | 165 kB   00:00
(2/117): NetworkManager-tui-1.18.8-2.el7_9.x86_64.rpm      | 329 kB   00:00
(3/117): NetworkManager-wifi-1.18.8-2.el7_9.x86_64.rpm     | 202 kB   00:00
(4/117): NetworkManager-libnm-1.18.8-2.el7_9.x86_64.rpm    | 1.7 MB   00:00
(5/117): NetworkManager-1.18.8-2.el7_9.x86_64.rpm          | 1.9 MB   00:00
(6/117): bash-4.2.46-35.el7_9.x86_64.rpm                   | 1.0 MB   00:00
(7/117): bind-export-libs-9.11.4-26.P2.el7_9.13.x86_64.rpm | 1.1 MB   00:00
(8/117): centos-release-7-9.2009.1.el7.centos.x86_64.rpm   |  27 kB   00:00
(9/117): ca-certificates-2022.2.54-74.el7_9.noarch.rpm     | 911 kB   00:00
(10/117): cronie-1.4.11-25.el7_9.x86_64.rpm                |  92 kB   00:00
(11/117): cronie-anacron-1.4.11-25.el7_9.x86_64.rpm        |  36 kB   00:00
(12/117): curl-7.29.0-59.el7_9.1.x86_64.rpm                | 271 kB   00:00
(13/117): cyrus-sasl-lib-2.1.26-24.el7_9.x86_64.rpm        | 156 kB   00:00
(14/117): device-mapper-event-1.02.170-6.el7_9.5.x86_64.rp | 192 kB   00:00
(15/117): device-mapper-1.02.170-6.el7_9.5.x86_64.rpm      | 297 kB   00:00
(16/117): device-mapper-event-libs-1.02.170-6.el7_9.5.x86_ | 192 kB   00:00
(17/117): device-mapper-libs-1.02.170-6.el7_9.5.x86_64.rpm | 325 kB   00:00
(18/117): dhclient-4.2.5-83.el7.centos.1.x86_64.rpm        | 286 kB   00:00
(19/117): device-mapper-persistent-data-0.8.5-3.el7_9.2.x8 | 423 kB   00:00
(20/117): dhcp-common-4.2.5-83.el7.centos.1.x86_64.rpm     | 177 kB   00:00
(21/117): binutils-2.27-44.base.el7_9.1.x86_64.rpm         | 5.9 MB   00:00
(22/117): coreutils-8.22-24.el7_9.2.x86_64.rpm             | 3.3 MB   00:00
(23/117): dhcp-libs-4.2.5-83.el7.centos.1.x86_64.rpm       | 133 kB   00:00
(24/117): expat-2.1.0-15.el7_9.x86_64.rpm                  |  83 kB   00:00
(25/117): diffutils-3.3-6.el7_9.x86_64.rpm                 | 322 kB   00:00
(26/117): dmidecode-3.2-5.el7_9.1.x86_64.rpm               |  82 kB   00:00
(27/117): firewalld-filesystem-0.6.3-13.el7_9.noarch.rpm   |  51 kB   00:00
(28/117): freetype-2.8-14.el7_9.1.x86_64.rpm               | 380 kB   00:00
(29/117): firewalld-0.6.3-13.el7_9.noarch.rpm              | 449 kB   00:00
(30/117): grub2-2.02-0.87.0.2.el7.centos.11.x86_64.rpm     |  34 kB   00:00
(31/117): glib2-2.56.1-9.el7_9.x86_64.rpm                  | 2.5 MB   00:00
(32/117): glibc-2.17-326.el7_9.x86_64.rpm                  | 3.6 MB   00:00
(33/117): glibc-common-2.17-326.el7_9.x86_64.rpm           |  12 MB   00:00
(34/117): grub2-pc-2.02-0.87.0.2.el7.centos.11.x86_64.rpm  |  34 kB   00:00
(35/117): grub2-common-2.02-0.87.0.2.el7.centos.11.noarch. | 733 kB   00:00
(36/117): grub2-tools-minimal-2.02-0.87.0.2.el7.centos.11. | 177 kB   00:00
(37/117): grub2-tools-extra-2.02-0.87.0.2.el7.centos.11.x8 | 1.0 MB   00:00
(38/117): gzip-1.5-11.el7_9.x86_64.rpm                     | 130 kB   00:00
(39/117): iprutils-2.4.17.1-3.el7_7.x86_64.rpm             | 243 kB   00:00
(40/117): grub2-tools-2.02-0.87.0.2.el7.centos.11.x86_64.r | 1.8 MB   00:00
(41/117): initscripts-9.49.53-1.el7_9.1.x86_64.rpm         | 440 kB   00:00
(42/117): grub2-pc-modules-2.02-0.87.0.2.el7.centos.11.noa | 860 kB   00:00
(43/117): iwl100-firmware-39.31.5.1-80.el7_9.noarch.rpm    | 155 kB   00:00
(44/117): iwl1000-firmware-39.31.5.1-80.el7_9.noarch.rpm   | 215 kB   00:00
(45/117): iwl105-firmware-18.168.6.1-80.el7_9.noarch.rpm   | 234 kB   00:00
(46/117): iwl2000-firmware-18.168.6.1-80.el7_9.noarch.rpm  | 237 kB   00:00
(47/117): iwl135-firmware-18.168.6.1-80.el7_9.noarch.rpm   | 243 kB   00:00
(48/117): iwl4965-firmware-228.61.2.24-80.el7_9.noarch.rpm | 109 kB   00:00
(49/117): iwl3945-firmware-15.32.2.9-80.el7_9.noarch.rpm   |  96 kB   00:00
(50/117): iwl2030-firmware-18.168.6.1-80.el7_9.noarch.rpm  | 245 kB   00:00
(51/117): iwl5150-firmware-8.24.2.2-80.el7_9.noarch.rpm    | 152 kB   00:00
(52/117): iwl5000-firmware-8.83.5.1_1-80.el7_9.noarch.rpm  | 289 kB   00:00
(53/117): iwl6000-firmware-9.221.4.1-80.el7_9.noarch.rpm   | 171 kB   00:00
(54/117): iwl6000g2b-firmware-18.168.6.1-80.el7_9.noarch.r | 305 kB   00:00
(55/117): iwl6000g2a-firmware-18.168.6.1-80.el7_9.noarch.r | 304 kB   00:00
(56/117): iwl6050-firmware-41.28.5.1-80.el7_9.noarch.rpm   | 241 kB   00:00
(57/117): iwl3160-firmware-25.30.13.0-80.el7_9.noarch.rpm  | 1.5 MB   00:00
(58/117): kbd-1.15.5-16.el7_9.x86_64.rpm                   | 347 kB   00:00
(59/117): kbd-legacy-1.15.5-16.el7_9.noarch.rpm            | 466 kB   00:00
(60/117): kbd-misc-1.15.5-16.el7_9.noarch.rpm              | 1.4 MB   00:01
(61/117): iwl7260-firmware-25.30.13.0-80.el7_9.noarch.rpm  | 6.1 MB   00:01
(62/117): kexec-tools-2.0.15-51.el7_9.3.x86_64.rpm         | 351 kB   00:00
(63/117): kpartx-0.4.9-136.el7_9.x86_64.rpm                |  81 kB   00:00
(64/117): kernel-tools-3.10.0-1160.92.1.el7.x86_64.rpm     | 8.2 MB   00:02
(65/117): krb5-libs-1.15.1-55.el7_9.x86_64.rpm             | 810 kB   00:00
(66/117): libcroco-0.6.12-6.el7_9.x86_64.rpm               | 105 kB   00:00
(67/117): libcurl-7.29.0-59.el7_9.1.x86_64.rpm             | 223 kB   00:00
(68/117): libmount-2.23.2-65.el7_9.1.x86_64.rpm            | 185 kB   00:00
(69/117): libblkid-2.23.2-65.el7_9.1.x86_64.rpm            | 183 kB   00:00
(70/117): libsmartcols-2.23.2-65.el7_9.1.x86_64.rpm        | 143 kB   00:00
(71/117): libuuid-2.23.2-65.el7_9.1.x86_64.rpm             |  84 kB   00:00
(72/117): libxml2-2.9.1-6.el7_9.6.x86_64.rpm               | 668 kB   00:00
(73/117): kernel-tools-libs-3.10.0-1160.92.1.el7.x86_64.rp | 8.1 MB   00:02
(74/117): linux-firmware-20200421-80.git78c0348.el7_9.noar |  80 MB   00:03
(75/117): lvm2-libs-2.02.187-6.el7_9.5.x86_64.rpm          | 1.1 MB   00:00
(76/117): lvm2-2.02.187-6.el7_9.5.x86_64.rpm               | 1.3 MB   00:00
(77/117): nspr-4.34.0-3.1.el7_9.x86_64.rpm                 | 128 kB   00:00
(78/117): microcode_ctl-2.1-73.15.el7_9.x86_64.rpm         | 4.5 MB   00:00
(79/117): nss-pem-1.0.3-7.el7_9.1.x86_64.rpm               |  75 kB   00:00
(80/117): nss-softokn-3.79.0-4.el7_9.x86_64.rpm            | 379 kB   00:00
(81/117): nss-softokn-freebl-3.79.0-4.el7_9.x86_64.rpm     | 337 kB   00:00
(82/117): nss-sysinit-3.79.0-5.el7_9.x86_64.rpm            |  66 kB   00:00
(83/117): nss-3.79.0-5.el7_9.x86_64.rpm                    | 895 kB   00:00
(84/117): nss-tools-3.79.0-5.el7_9.x86_64.rpm              | 555 kB   00:00
(85/117): openldap-2.4.44-25.el7_9.x86_64.rpm              | 356 kB   00:00
(86/117): nss-util-3.79.0-1.el7_9.x86_64.rpm               |  80 kB   00:00
(87/117): openssh-7.4p1-22.el7_9.x86_64.rpm                | 510 kB   00:00
(88/117): openssh-server-7.4p1-22.el7_9.x86_64.rpm         | 459 kB   00:00
(89/117): openssl-1.0.2k-26.el7_9.x86_64.rpm               | 494 kB   00:00
(90/117): openssl-libs-1.0.2k-26.el7_9.x86_64.rpm          | 1.2 MB   00:00
(91/117): openssh-clients-7.4p1-22.el7_9.x86_64.rpm        | 655 kB   00:00
(92/117): polkit-0.112-26.el7_9.1.x86_64.rpm               | 170 kB   00:00
(93/117): python-2.7.5-93.el7_9.x86_64.rpm                 |  96 kB   00:00
(94/117): python-firewall-0.6.3-13.el7_9.noarch.rpm        | 355 kB   00:00
(95/117): python-libs-2.7.5-93.el7_9.x86_64.rpm            | 5.6 MB   00:00
(96/117): rpm-4.11.3-48.el7_9.x86_64.rpm                   | 1.2 MB   00:00
(97/117): python-perf-3.10.0-1160.92.1.el7.x86_64.rpm      | 8.2 MB   00:00
(98/117): rpm-libs-4.11.3-48.el7_9.x86_64.rpm              | 279 kB   00:00
(99/117): rpm-build-libs-4.11.3-48.el7_9.x86_64.rpm        | 108 kB   00:00
(100/117): rpm-python-4.11.3-48.el7_9.x86_64.rpm           |  84 kB   00:00
(101/117): selinux-policy-3.13.1-268.el7_9.2.noarch.rpm    | 498 kB   00:00
(102/117): rsyslog-8.24.0-57.el7_9.3.x86_64.rpm            | 622 kB   00:00
(103/117): selinux-policy-targeted-3.13.1-268.el7_9.2.noar | 7.0 MB   00:01
(104/117): sudo-1.8.23-10.el7_9.3.x86_64.rpm               | 844 kB   00:00
(105/117): systemd-libs-219-78.el7_9.7.x86_64.rpm          | 419 kB   00:00
(106/117): systemd-sysv-219-78.el7_9.7.x86_64.rpm          |  97 kB   00:00
(107/117): tuned-2.11.0-12.el7_9.noarch.rpm                | 270 kB   00:00
(108/117): tzdata-2023c-1.el7.noarch.rpm                   | 497 kB   00:00
(109/117): util-linux-2.23.2-65.el7_9.1.x86_64.rpm         | 2.0 MB   00:00
(110/117): vim-minimal-7.4.629-8.el7_9.x86_64.rpm          | 443 kB   00:00
(111/117): virt-what-1.18-4.el7_9.1.x86_64.rpm             |  30 kB   00:00
(112/117): wpa_supplicant-2.6-12.el7_9.2.x86_64.rpm        | 1.2 MB   00:00
(113/117): xz-5.2.2-2.el7_9.x86_64.rpm                     | 229 kB   00:00
(114/117): xz-libs-5.2.2-2.el7_9.x86_64.rpm                | 103 kB   00:00
(115/117): zlib-1.2.7-21.el7_9.x86_64.rpm                  |  90 kB   00:00
(116/117): systemd-219-78.el7_9.7.x86_64.rpm               | 5.1 MB   00:01
(117/117): kernel-3.10.0-1160.92.1.el7.x86_64.rpm          |  52 MB   00:14
--------------------------------------------------------------------------------
Total                                               14 MB/s | 255 MB  00:18
Retrieving key from file:///etc/pki/rpm-gpg/RPM-GPG-KEY-CentOS-7
Importing GPG key 0xF4A80EB5:
 Userid     : "CentOS-7 Key (CentOS 7 Official Signing Key) <security@centos.org                       >"
 Fingerprint: 6341 ab27 53d7 8a78 a7c2 7bb1 24c6 a8a7 f4a8 0eb5
 Package    : centos-release-7-9.2009.0.el7.centos.x86_64 (@anaconda)
 From       : /etc/pki/rpm-gpg/RPM-GPG-KEY-CentOS-7
Is this ok [y/N]: y
Running transaction check
Running transaction test
Transaction test succeeded
Running transaction
  Updating   : 1:grub2-common-2.02-0.87.0.2.el7.centos.11.noarch          1/233
  Updating   : centos-release-7-9.2009.1.el7.centos.x86_64                2/233
  Updating   : 1:grub2-pc-modules-2.02-0.87.0.2.el7.centos.11.noarch      3/233
  Updating   : kbd-misc-1.15.5-16.el7_9.noarch                            4/233
  Updating   : kbd-legacy-1.15.5-16.el7_9.noarch                          5/233
  Updating   : tzdata-2023c-1.el7.noarch                                  6/233
  Updating   : bash-4.2.46-35.el7_9.x86_64                                7/233
  Updating   : glibc-common-2.17-326.el7_9.x86_64                         8/233
  Updating   : nss-softokn-freebl-3.79.0-4.el7_9.x86_64                   9/233
  Updating   : glibc-2.17-326.el7_9.x86_64                               10/233
  Updating   : nspr-4.34.0-3.1.el7_9.x86_64                              11/233
  Updating   : nss-util-3.79.0-1.el7_9.x86_64                            12/233
  Updating   : zlib-1.2.7-21.el7_9.x86_64                                13/233
  Updating   : xz-libs-5.2.2-2.el7_9.x86_64                              14/233
  Updating   : systemd-libs-219-78.el7_9.7.x86_64                        15/233
  Updating   : libuuid-2.23.2-65.el7_9.1.x86_64                          16/233
  Updating   : expat-2.1.0-15.el7_9.x86_64                               17/233
  Updating   : nss-softokn-3.79.0-4.el7_9.x86_64                         18/233
  Updating   : device-mapper-persistent-data-0.8.5-3.el7_9.2.x86_64      19/233
  Updating   : libxml2-2.9.1-6.el7_9.6.x86_64                            20/233
  Updating   : freetype-2.8-14.el7_9.1.x86_64                            21/233
  Updating   : 1:dmidecode-3.2-5.el7_9.1.x86_64                          22/233
  Updating   : 2:vim-minimal-7.4.629-8.el7_9.x86_64                      23/233
  Updating   : libsmartcols-2.23.2-65.el7_9.1.x86_64                     24/233
  Updating   : diffutils-3.3-6.el7_9.x86_64                              25/233
  Updating   : kernel-tools-libs-3.10.0-1160.92.1.el7.x86_64             26/233
  Updating   : linux-firmware-20200421-80.git78c0348.el7_9.noarch        27/233
  Updating   : ca-certificates-2022.2.54-74.el7_9.noarch                 28/233
  Updating   : 1:openssl-libs-1.0.2k-26.el7_9.x86_64                     29/233
  Updating   : coreutils-8.22-24.el7_9.2.x86_64                          30/233
  Updating   : krb5-libs-1.15.1-55.el7_9.x86_64                          31/233
  Updating   : libblkid-2.23.2-65.el7_9.1.x86_64                         32/233
  Updating   : libmount-2.23.2-65.el7_9.1.x86_64                         33/233
  Updating   : glib2-2.56.1-9.el7_9.x86_64                               34/233
  Updating   : util-linux-2.23.2-65.el7_9.1.x86_64                       35/233
  Updating   : python-libs-2.7.5-93.el7_9.x86_64                         36/233
  Updating   : python-2.7.5-93.el7_9.x86_64                              37/233
  Updating   : python-firewall-0.6.3-13.el7_9.noarch                     38/233
  Updating   : python-perf-3.10.0-1160.92.1.el7.x86_64                   39/233
  Updating   : virt-what-1.18-4.el7_9.1.x86_64                           40/233
  Updating   : 32:bind-export-libs-9.11.4-26.P2.el7_9.13.x86_64          41/233
  Updating   : cyrus-sasl-lib-2.1.26-24.el7_9.x86_64                     42/233
  Updating   : selinux-policy-3.13.1-268.el7_9.2.noarch                  43/233
  Updating   : nss-pem-1.0.3-7.el7_9.1.x86_64                            44/233
  Updating   : nss-sysinit-3.79.0-5.el7_9.x86_64                         45/233
  Updating   : nss-3.79.0-5.el7_9.x86_64                                 46/233
  Updating   : 1:NetworkManager-libnm-1.18.8-2.el7_9.x86_64              47/233
  Updating   : nss-tools-3.79.0-5.el7_9.x86_64                           48/233
  Updating   : libcurl-7.29.0-59.el7_9.1.x86_64                          49/233
  Updating   : curl-7.29.0-59.el7_9.1.x86_64                             50/233
  Updating   : rpm-libs-4.11.3-48.el7_9.x86_64                           51/233
  Updating   : rpm-4.11.3-48.el7_9.x86_64                                52/233
  Updating   : openldap-2.4.44-25.el7_9.x86_64                           53/233
  Updating   : systemd-219-78.el7_9.7.x86_64                             54/233
  Updating   : initscripts-9.49.53-1.el7_9.1.x86_64                      55/233
  Updating   : 7:device-mapper-libs-1.02.170-6.el7_9.5.x86_64            56/233
  Updating   : 7:device-mapper-1.02.170-6.el7_9.5.x86_64                 57/233
  Updating   : 1:grub2-tools-minimal-2.02-0.87.0.2.el7.centos.11.x86_    58/233
  Updating   : 7:device-mapper-event-libs-1.02.170-6.el7_9.5.x86_64      59/233
  Updating   : 1:grub2-tools-2.02-0.87.0.2.el7.centos.11.x86_64          60/233
  Updating   : polkit-0.112-26.el7_9.1.x86_64                            61/233
  Updating   : 12:dhcp-libs-4.2.5-83.el7.centos.1.x86_64                 62/233
  Updating   : openssh-7.4p1-22.el7_9.x86_64                             63/233
  Updating   : 12:dhcp-common-4.2.5-83.el7.centos.1.x86_64               64/233
  Updating   : 1:grub2-tools-extra-2.02-0.87.0.2.el7.centos.11.x86_64    65/233
  Updating   : 1:grub2-pc-2.02-0.87.0.2.el7.centos.11.x86_64             66/233
  Updating   : 7:device-mapper-event-1.02.170-6.el7_9.5.x86_64           67/233
  Updating   : 7:lvm2-libs-2.02.187-6.el7_9.5.x86_64                     68/233
  Updating   : cronie-anacron-1.4.11-25.el7_9.x86_64                     69/233
  Updating   : cronie-1.4.11-25.el7_9.x86_64                             70/233
  Updating   : systemd-sysv-219-78.el7_9.7.x86_64                        71/233
  Updating   : 1:wpa_supplicant-2.6-12.el7_9.2.x86_64                    72/233
  Updating   : 1:NetworkManager-1.18.8-2.el7_9.x86_64                    73/233
  Updating   : rpm-build-libs-4.11.3-48.el7_9.x86_64                     74/233
  Updating   : firewalld-filesystem-0.6.3-13.el7_9.noarch                75/233
  Updating   : firewalld-0.6.3-13.el7_9.noarch                           76/233
  Updating   : rpm-python-4.11.3-48.el7_9.x86_64                         77/233
  Updating   : 1:NetworkManager-tui-1.18.8-2.el7_9.x86_64                78/233
  Updating   : 1:NetworkManager-team-1.18.8-2.el7_9.x86_64               79/233
  Updating   : 1:NetworkManager-wifi-1.18.8-2.el7_9.x86_64               80/233
  Updating   : 7:lvm2-2.02.187-6.el7_9.5.x86_64                          81/233
  Updating   : 1:grub2-2.02-0.87.0.2.el7.centos.11.x86_64                82/233
  Updating   : 12:dhclient-4.2.5-83.el7.centos.1.x86_64                  83/233
  Updating   : openssh-clients-7.4p1-22.el7_9.x86_64                     84/233
  Updating   : openssh-server-7.4p1-22.el7_9.x86_64                      85/233
  Updating   : tuned-2.11.0-12.el7_9.noarch                              86/233
  Updating   : kpartx-0.4.9-136.el7_9.x86_64                             87/233
  Installing : kernel-3.10.0-1160.92.1.el7.x86_64                        88/233
  Updating   : kbd-1.15.5-16.el7_9.x86_64                                89/233
  Updating   : 2:microcode_ctl-2.1-73.15.el7_9.x86_64                    90/233
  Updating   : kexec-tools-2.0.15-51.el7_9.3.x86_64                      91/233
  Updating   : rsyslog-8.24.0-57.el7_9.3.x86_64                          92/233
  Updating   : sudo-1.8.23-10.el7_9.3.x86_64                             93/233
  Updating   : selinux-policy-targeted-3.13.1-268.el7_9.2.noarch         94/233
  Updating   : libcroco-0.6.12-6.el7_9.x86_64                            95/233
  Updating   : 1:openssl-1.0.2k-26.el7_9.x86_64                          96/233
  Updating   : binutils-2.27-44.base.el7_9.1.x86_64                      97/233
  Updating   : gzip-1.5-11.el7_9.x86_64                                  98/233
  Updating   : kernel-tools-3.10.0-1160.92.1.el7.x86_64                  99/233
  Updating   : xz-5.2.2-2.el7_9.x86_64                                  100/233
  Updating   : iprutils-2.4.17.1-3.el7_7.x86_64                         101/233
  Updating   : iwl2000-firmware-18.168.6.1-80.el7_9.noarch              102/233
  Updating   : iwl2030-firmware-18.168.6.1-80.el7_9.noarch              103/233
  Updating   : iwl135-firmware-18.168.6.1-80.el7_9.noarch               104/233
  Updating   : iwl3945-firmware-15.32.2.9-80.el7_9.noarch               105/233
  Updating   : iwl7260-firmware-25.30.13.0-80.el7_9.noarch              106/233
  Updating   : iwl6000g2a-firmware-18.168.6.1-80.el7_9.noarch           107/233
  Updating   : 1:iwl1000-firmware-39.31.5.1-80.el7_9.noarch             108/233
  Updating   : iwl6000g2b-firmware-18.168.6.1-80.el7_9.noarch           109/233
  Updating   : iwl5000-firmware-8.83.5.1_1-80.el7_9.noarch              110/233
  Updating   : iwl105-firmware-18.168.6.1-80.el7_9.noarch               111/233
  Updating   : iwl4965-firmware-228.61.2.24-80.el7_9.noarch             112/233
  Updating   : iwl100-firmware-39.31.5.1-80.el7_9.noarch                113/233
  Updating   : iwl6050-firmware-41.28.5.1-80.el7_9.noarch               114/233
  Updating   : iwl3160-firmware-25.30.13.0-80.el7_9.noarch              115/233
  Updating   : iwl6000-firmware-9.221.4.1-80.el7_9.noarch               116/233
  Updating   : iwl5150-firmware-8.24.2.2-80.el7_9.noarch                117/233
  Cleanup    : 12:dhclient-4.2.5-82.el7.centos.x86_64                   118/233
  Cleanup    : 2:microcode_ctl-2.1-73.el7.x86_64                        119/233
  Cleanup    : tuned-2.11.0-9.el7.noarch                                120/233
  Cleanup    : firewalld-0.6.3-11.el7.noarch                            121/233
  Cleanup    : selinux-policy-targeted-3.13.1-268.el7.noarch            122/233
  Cleanup    : selinux-policy-3.13.1-268.el7.noarch                     123/233
  Cleanup    : 1:grub2-2.02-0.86.el7.centos.x86_64                      124/233
  Cleanup    : 1:grub2-pc-2.02-0.86.el7.centos.x86_64                   125/233
  Cleanup    : 1:grub2-pc-modules-2.02-0.86.el7.centos.noarch           126/233
  Cleanup    : python-firewall-0.6.3-11.el7.noarch                      127/233
  Cleanup    : 12:dhcp-common-4.2.5-82.el7.centos.x86_64                128/233
  Cleanup    : 12:dhcp-libs-4.2.5-82.el7.centos.x86_64                  129/233
  Cleanup    : linux-firmware-20200421-79.git78c0348.el7.noarch         130/233
  Cleanup    : firewalld-filesystem-0.6.3-11.el7.noarch                 131/233
  Cleanup    : iwl2000-firmware-18.168.6.1-79.el7.noarch                132/233
  Cleanup    : iwl2030-firmware-18.168.6.1-79.el7.noarch                133/233
  Cleanup    : iwl135-firmware-18.168.6.1-79.el7.noarch                 134/233
  Cleanup    : iwl3945-firmware-15.32.2.9-79.el7.noarch                 135/233
  Cleanup    : iwl7260-firmware-25.30.13.0-79.el7.noarch                136/233
  Cleanup    : iwl6000g2a-firmware-18.168.6.1-79.el7.noarch             137/233
  Cleanup    : 1:iwl1000-firmware-39.31.5.1-79.el7.noarch               138/233
  Cleanup    : iwl6000g2b-firmware-18.168.6.1-79.el7.noarch             139/233
  Cleanup    : iwl5000-firmware-8.83.5.1_1-79.el7.noarch                140/233
  Cleanup    : iwl105-firmware-18.168.6.1-79.el7.noarch                 141/233
  Cleanup    : iwl4965-firmware-228.61.2.24-79.el7.noarch               142/233
  Cleanup    : iwl100-firmware-39.31.5.1-79.el7.noarch                  143/233
  Cleanup    : iwl6050-firmware-41.28.5.1-79.el7.noarch                 144/233
  Cleanup    : iwl3160-firmware-25.30.13.0-79.el7.noarch                145/233
  Cleanup    : iwl6000-firmware-9.221.4.1-79.el7.noarch                 146/233
  Cleanup    : iwl5150-firmware-8.24.2.2-79.el7.noarch                  147/233
  Cleanup    : rpm-python-4.11.3-45.el7.x86_64                          148/233
  Cleanup    : 1:NetworkManager-tui-1.18.8-1.el7.x86_64                 149/233
  Cleanup    : openssh-server-7.4p1-21.el7.x86_64                       150/233
  Cleanup    : 7:lvm2-2.02.187-6.el7.x86_64                             151/233
  Cleanup    : 1:openssl-1.0.2k-19.el7.x86_64                           152/233
  Cleanup    : openssh-clients-7.4p1-21.el7.x86_64                      153/233
  Cleanup    : openssh-7.4p1-21.el7.x86_64                              154/233
  Cleanup    : 7:lvm2-libs-2.02.187-6.el7.x86_64                        155/233
  Cleanup    : rpm-build-libs-4.11.3-45.el7.x86_64                      156/233
  Cleanup    : 1:grub2-tools-extra-2.02-0.86.el7.centos.x86_64          157/233
  Cleanup    : kexec-tools-2.0.15-51.el7.x86_64                         158/233
  Cleanup    : 1:grub2-tools-2.02-0.86.el7.centos.x86_64                159/233
  Cleanup    : 7:device-mapper-event-1.02.170-6.el7.x86_64              160/233
  Cleanup    : rsyslog-8.24.0-55.el7.x86_64                             161/233
  Cleanup    : sudo-1.8.23-10.el7.x86_64                                162/233
  Cleanup    : 1:grub2-tools-minimal-2.02-0.86.el7.centos.x86_64        163/233
  Cleanup    : cronie-anacron-1.4.11-23.el7.x86_64                      164/233
  Cleanup    : cronie-1.4.11-23.el7.x86_64                              165/233
  Cleanup    : xz-5.2.2-1.el7.x86_64                                    166/233
  Cleanup    : 1:NetworkManager-wifi-1.18.8-1.el7.x86_64                167/233
  Cleanup    : kernel-tools-3.10.0-1160.el7.x86_64                      168/233
  Cleanup    : binutils-2.27-44.base.el7.x86_64                         169/233
  Cleanup    : kbd-1.15.5-15.el7.x86_64                                 170/233
  Cleanup    : initscripts-9.49.53-1.el7.x86_64                         171/233
  Cleanup    : freetype-2.8-14.el7.x86_64                               172/233
  Cleanup    : device-mapper-persistent-data-0.8.5-3.el7.x86_64         173/233
  Cleanup    : python-perf-3.10.0-1160.el7.x86_64                       174/233
  Cleanup    : virt-what-1.18-4.el7.x86_64                              175/233
  Cleanup    : 32:bind-export-libs-9.11.4-26.P2.el7.x86_64              176/233
  Cleanup    : libcroco-0.6.12-4.el7.x86_64                             177/233
  Cleanup    : libxml2-2.9.1-6.el7.5.x86_64                             178/233
  Cleanup    : 1:NetworkManager-team-1.18.8-1.el7.x86_64                179/233
  Cleanup    : 1:NetworkManager-1.18.8-1.el7.x86_64                     180/233
  Cleanup    : 1:NetworkManager-libnm-1.18.8-1.el7.x86_64               181/233
  Cleanup    : polkit-0.112-26.el7.x86_64                               182/233
  Cleanup    : 1:wpa_supplicant-2.6-12.el7.x86_64                       183/233
  Cleanup    : glib2-2.56.1-7.el7.x86_64                                184/233
  Cleanup    : iprutils-2.4.17.1-3.el7.x86_64                           185/233
  Cleanup    : 7:device-mapper-event-libs-1.02.170-6.el7.x86_64         186/233
  Cleanup    : gzip-1.5-10.el7.x86_64                                   187/233
  Cleanup    : kpartx-0.4.9-133.el7.x86_64                              188/233
  Cleanup    : systemd-sysv-219-78.el7.x86_64                           189/233
  Cleanup    : python-2.7.5-89.el7.x86_64                               190/233
  Cleanup    : python-libs-2.7.5-89.el7.x86_64                          191/233
  Cleanup    : 7:device-mapper-1.02.170-6.el7.x86_64                    192/233
  Cleanup    : 7:device-mapper-libs-1.02.170-6.el7.x86_64               193/233
  Cleanup    : systemd-219-78.el7.x86_64                                194/233
  Cleanup    : util-linux-2.23.2-65.el7.x86_64                          195/233
  Cleanup    : curl-7.29.0-59.el7.x86_64                                196/233
  Cleanup    : libcurl-7.29.0-59.el7.x86_64                             197/233
  Cleanup    : openldap-2.4.44-22.el7.x86_64                            198/233
  Cleanup    : rpm-libs-4.11.3-45.el7.x86_64                            199/233
  Cleanup    : rpm-4.11.3-45.el7.x86_64                                 200/233
  Cleanup    : nss-tools-3.44.0-7.el7_7.x86_64                          201/233
  Cleanup    : nss-sysinit-3.44.0-7.el7_7.x86_64                        202/233
  Cleanup    : nss-3.44.0-7.el7_7.x86_64                                203/233
  Cleanup    : nss-pem-1.0.3-7.el7.x86_64                               204/233
  Cleanup    : nss-softokn-3.44.0-8.el7_7.x86_64                        205/233
  Cleanup    : libmount-2.23.2-65.el7.x86_64                            206/233
  Cleanup    : libblkid-2.23.2-65.el7.x86_64                            207/233
  Cleanup    : cyrus-sasl-lib-2.1.26-23.el7.x86_64                      208/233
  Cleanup    : krb5-libs-1.15.1-50.el7.x86_64                           209/233
  Cleanup    : coreutils-8.22-24.el7.x86_64                             210/233
  Cleanup    : 1:openssl-libs-1.0.2k-19.el7.x86_64                      211/233
  Cleanup    : systemd-libs-219-78.el7.x86_64                           212/233
  Cleanup    : diffutils-3.3-5.el7.x86_64                               213/233
  Cleanup    : ca-certificates-2020.2.41-70.0.el7_8.noarch              214/233
  Cleanup    : xz-libs-5.2.2-1.el7.x86_64                               215/233
  Cleanup    : zlib-1.2.7-18.el7.x86_64                                 216/233
  Cleanup    : libuuid-2.23.2-65.el7.x86_64                             217/233
  Cleanup    : libsmartcols-2.23.2-65.el7.x86_64                        218/233
  Cleanup    : expat-2.1.0-12.el7.x86_64                                219/233
  Cleanup    : 1:dmidecode-3.2-5.el7.x86_64                             220/233
  Cleanup    : kernel-tools-libs-3.10.0-1160.el7.x86_64                 221/233
  Cleanup    : 2:vim-minimal-7.4.629-7.el7.x86_64                       222/233
  Cleanup    : centos-release-7-9.2009.0.el7.centos.x86_64              223/233
  Cleanup    : kbd-legacy-1.15.5-15.el7.noarch                          224/233
  Cleanup    : kbd-misc-1.15.5-15.el7.noarch                            225/233
  Cleanup    : 1:grub2-common-2.02-0.86.el7.centos.noarch               226/233
  Cleanup    : glibc-common-2.17-317.el7.x86_64                         227/233
  Cleanup    : bash-4.2.46-34.el7.x86_64                                228/233
  Cleanup    : nspr-4.21.0-1.el7.x86_64                                 229/233
  Cleanup    : nss-util-3.44.0-4.el7_7.x86_64                           230/233
  Cleanup    : nss-softokn-freebl-3.44.0-8.el7_7.x86_64                 231/233
  Cleanup    : glibc-2.17-317.el7.x86_64                                232/233
  Cleanup    : tzdata-2020a-1.el7.noarch                                233/233
  Verifying  : 7:device-mapper-event-1.02.170-6.el7_9.5.x86_64            1/233
  Verifying  : libblkid-2.23.2-65.el7_9.1.x86_64                          2/233
  Verifying  : linux-firmware-20200421-80.git78c0348.el7_9.noarch         3/233
  Verifying  : firewalld-filesystem-0.6.3-13.el7_9.noarch                 4/233
  Verifying  : selinux-policy-targeted-3.13.1-268.el7_9.2.noarch          5/233
  Verifying  : iwl5150-firmware-8.24.2.2-80.el7_9.noarch                  6/233
  Verifying  : python-libs-2.7.5-93.el7_9.x86_64                          7/233
  Verifying  : 1:NetworkManager-tui-1.18.8-2.el7_9.x86_64                 8/233
  Verifying  : centos-release-7-9.2009.1.el7.centos.x86_64                9/233
  Verifying  : kernel-3.10.0-1160.92.1.el7.x86_64                        10/233
  Verifying  : 7:lvm2-2.02.187-6.el7_9.5.x86_64                          11/233
  Verifying  : 12:dhcp-common-4.2.5-83.el7.centos.1.x86_64               12/233
  Verifying  : iwl6000-firmware-9.221.4.1-80.el7_9.noarch                13/233
  Verifying  : sudo-1.8.23-10.el7_9.3.x86_64                             14/233
  Verifying  : iwl3160-firmware-25.30.13.0-80.el7_9.noarch               15/233
  Verifying  : libcurl-7.29.0-59.el7_9.1.x86_64                          16/233
  Verifying  : kbd-1.15.5-16.el7_9.x86_64                                17/233
  Verifying  : selinux-policy-3.13.1-268.el7_9.2.noarch                  18/233
  Verifying  : openldap-2.4.44-25.el7_9.x86_64                           19/233
  Verifying  : 1:grub2-tools-2.02-0.87.0.2.el7.centos.11.x86_64          20/233
  Verifying  : 1:grub2-2.02-0.87.0.2.el7.centos.11.x86_64                21/233
  Verifying  : 7:device-mapper-1.02.170-6.el7_9.5.x86_64                 22/233
  Verifying  : freetype-2.8-14.el7_9.1.x86_64                            23/233
  Verifying  : 2:microcode_ctl-2.1-73.15.el7_9.x86_64                    24/233
  Verifying  : 1:grub2-common-2.02-0.87.0.2.el7.centos.11.noarch         25/233
  Verifying  : nss-softokn-freebl-3.79.0-4.el7_9.x86_64                  26/233
  Verifying  : systemd-libs-219-78.el7_9.7.x86_64                        27/233
  Verifying  : cronie-1.4.11-25.el7_9.x86_64                             28/233
  Verifying  : libxml2-2.9.1-6.el7_9.6.x86_64                            29/233
  Verifying  : cronie-anacron-1.4.11-25.el7_9.x86_64                     30/233
  Verifying  : 1:dmidecode-3.2-5.el7_9.1.x86_64                          31/233
  Verifying  : systemd-219-78.el7_9.7.x86_64                             32/233
  Verifying  : 1:grub2-tools-extra-2.02-0.87.0.2.el7.centos.11.x86_64    33/233
  Verifying  : expat-2.1.0-15.el7_9.x86_64                               34/233
  Verifying  : binutils-2.27-44.base.el7_9.1.x86_64                      35/233
  Verifying  : libmount-2.23.2-65.el7_9.1.x86_64                         36/233
  Verifying  : zlib-1.2.7-21.el7_9.x86_64                                37/233
  Verifying  : tzdata-2023c-1.el7.noarch                                 38/233
  Verifying  : 32:bind-export-libs-9.11.4-26.P2.el7_9.13.x86_64          39/233
  Verifying  : initscripts-9.49.53-1.el7_9.1.x86_64                      40/233
  Verifying  : device-mapper-persistent-data-0.8.5-3.el7_9.2.x86_64      41/233
  Verifying  : 1:openssl-libs-1.0.2k-26.el7_9.x86_64                     42/233
  Verifying  : iwl6050-firmware-41.28.5.1-80.el7_9.noarch                43/233
  Verifying  : nss-pem-1.0.3-7.el7_9.1.x86_64                            44/233
  Verifying  : kbd-legacy-1.15.5-16.el7_9.noarch                         45/233
  Verifying  : 12:dhcp-libs-4.2.5-83.el7.centos.1.x86_64                 46/233
  Verifying  : bash-4.2.46-35.el7_9.x86_64                               47/233
  Verifying  : iprutils-2.4.17.1-3.el7_7.x86_64                          48/233
  Verifying  : curl-7.29.0-59.el7_9.1.x86_64                             49/233
  Verifying  : iwl100-firmware-39.31.5.1-80.el7_9.noarch                 50/233
  Verifying  : iwl4965-firmware-228.61.2.24-80.el7_9.noarch              51/233
  Verifying  : 2:vim-minimal-7.4.629-8.el7_9.x86_64                      52/233
  Verifying  : cyrus-sasl-lib-2.1.26-24.el7_9.x86_64                     53/233
  Verifying  : nss-tools-3.79.0-5.el7_9.x86_64                           54/233
  Verifying  : openssh-clients-7.4p1-22.el7_9.x86_64                     55/233
  Verifying  : nspr-4.34.0-3.1.el7_9.x86_64                              56/233
  Verifying  : nss-softokn-3.79.0-4.el7_9.x86_64                         57/233
  Verifying  : 1:NetworkManager-team-1.18.8-2.el7_9.x86_64               58/233
  Verifying  : 7:device-mapper-libs-1.02.170-6.el7_9.5.x86_64            59/233
  Verifying  : iwl105-firmware-18.168.6.1-80.el7_9.noarch                60/233
  Verifying  : iwl5000-firmware-8.83.5.1_1-80.el7_9.noarch               61/233
  Verifying  : glibc-2.17-326.el7_9.x86_64                               62/233
  Verifying  : firewalld-0.6.3-13.el7_9.noarch                           63/233
  Verifying  : krb5-libs-1.15.1-55.el7_9.x86_64                          64/233
  Verifying  : kexec-tools-2.0.15-51.el7_9.3.x86_64                      65/233
  Verifying  : iwl6000g2b-firmware-18.168.6.1-80.el7_9.noarch            66/233
  Verifying  : libsmartcols-2.23.2-65.el7_9.1.x86_64                     67/233
  Verifying  : coreutils-8.22-24.el7_9.2.x86_64                          68/233
  Verifying  : rpm-libs-4.11.3-48.el7_9.x86_64                           69/233
  Verifying  : 1:wpa_supplicant-2.6-12.el7_9.2.x86_64                    70/233
  Verifying  : 1:grub2-pc-2.02-0.87.0.2.el7.centos.11.x86_64             71/233
  Verifying  : util-linux-2.23.2-65.el7_9.1.x86_64                       72/233
  Verifying  : rpm-python-4.11.3-48.el7_9.x86_64                         73/233
  Verifying  : libuuid-2.23.2-65.el7_9.1.x86_64                          74/233
  Verifying  : openssh-server-7.4p1-22.el7_9.x86_64                      75/233
  Verifying  : xz-libs-5.2.2-2.el7_9.x86_64                              76/233
  Verifying  : 1:iwl1000-firmware-39.31.5.1-80.el7_9.noarch              77/233
  Verifying  : 1:openssl-1.0.2k-26.el7_9.x86_64                          78/233
  Verifying  : tuned-2.11.0-12.el7_9.noarch                              79/233
  Verifying  : iwl6000g2a-firmware-18.168.6.1-80.el7_9.noarch            80/233
  Verifying  : diffutils-3.3-6.el7_9.x86_64                              81/233
  Verifying  : kpartx-0.4.9-136.el7_9.x86_64                             82/233
  Verifying  : virt-what-1.18-4.el7_9.1.x86_64                           83/233
  Verifying  : nss-sysinit-3.79.0-5.el7_9.x86_64                         84/233
  Verifying  : 1:grub2-tools-minimal-2.02-0.87.0.2.el7.centos.11.x86_    85/233
  Verifying  : iwl7260-firmware-25.30.13.0-80.el7_9.noarch               86/233
  Verifying  : rpm-4.11.3-48.el7_9.x86_64                                87/233
  Verifying  : 12:dhclient-4.2.5-83.el7.centos.1.x86_64                  88/233
  Verifying  : kernel-tools-3.10.0-1160.92.1.el7.x86_64                  89/233
  Verifying  : openssh-7.4p1-22.el7_9.x86_64                             90/233
  Verifying  : python-2.7.5-93.el7_9.x86_64                              91/233
  Verifying  : glib2-2.56.1-9.el7_9.x86_64                               92/233
  Verifying  : kbd-misc-1.15.5-16.el7_9.noarch                           93/233
  Verifying  : 1:NetworkManager-wifi-1.18.8-2.el7_9.x86_64               94/233
  Verifying  : iwl3945-firmware-15.32.2.9-80.el7_9.noarch                95/233
  Verifying  : 1:NetworkManager-1.18.8-2.el7_9.x86_64                    96/233
  Verifying  : nss-3.79.0-5.el7_9.x86_64                                 97/233
  Verifying  : iwl135-firmware-18.168.6.1-80.el7_9.noarch                98/233
  Verifying  : rsyslog-8.24.0-57.el7_9.3.x86_64                          99/233
  Verifying  : 7:lvm2-libs-2.02.187-6.el7_9.5.x86_64                    100/233
  Verifying  : kernel-tools-libs-3.10.0-1160.92.1.el7.x86_64            101/233
  Verifying  : 1:NetworkManager-libnm-1.18.8-2.el7_9.x86_64             102/233
  Verifying  : systemd-sysv-219-78.el7_9.7.x86_64                       103/233
  Verifying  : python-firewall-0.6.3-13.el7_9.noarch                    104/233
  Verifying  : 1:grub2-pc-modules-2.02-0.87.0.2.el7.centos.11.noarch    105/233
  Verifying  : 7:device-mapper-event-libs-1.02.170-6.el7_9.5.x86_64     106/233
  Verifying  : nss-util-3.79.0-1.el7_9.x86_64                           107/233
  Verifying  : gzip-1.5-11.el7_9.x86_64                                 108/233
  Verifying  : glibc-common-2.17-326.el7_9.x86_64                       109/233
  Verifying  : libcroco-0.6.12-6.el7_9.x86_64                           110/233
  Verifying  : ca-certificates-2022.2.54-74.el7_9.noarch                111/233
  Verifying  : iwl2030-firmware-18.168.6.1-80.el7_9.noarch              112/233
  Verifying  : python-perf-3.10.0-1160.92.1.el7.x86_64                  113/233
  Verifying  : iwl2000-firmware-18.168.6.1-80.el7_9.noarch              114/233
  Verifying  : xz-5.2.2-2.el7_9.x86_64                                  115/233
  Verifying  : polkit-0.112-26.el7_9.1.x86_64                           116/233
  Verifying  : rpm-build-libs-4.11.3-48.el7_9.x86_64                    117/233
  Verifying  : rpm-4.11.3-45.el7.x86_64                                 118/233
  Verifying  : firewalld-filesystem-0.6.3-11.el7.noarch                 119/233
  Verifying  : glibc-common-2.17-317.el7.x86_64                         120/233
  Verifying  : selinux-policy-targeted-3.13.1-268.el7.noarch            121/233
  Verifying  : ca-certificates-2020.2.41-70.0.el7_8.noarch              122/233
  Verifying  : linux-firmware-20200421-79.git78c0348.el7.noarch         123/233
  Verifying  : 7:device-mapper-event-1.02.170-6.el7.x86_64              124/233
  Verifying  : freetype-2.8-14.el7.x86_64                               125/233
  Verifying  : iwl2000-firmware-18.168.6.1-79.el7.noarch                126/233
  Verifying  : glib2-2.56.1-7.el7.x86_64                                127/233
  Verifying  : python-2.7.5-89.el7.x86_64                               128/233
  Verifying  : 1:iwl1000-firmware-39.31.5.1-79.el7.noarch               129/233
  Verifying  : virt-what-1.18-4.el7.x86_64                              130/233
  Verifying  : zlib-1.2.7-18.el7.x86_64                                 131/233
  Verifying  : iwl5150-firmware-8.24.2.2-79.el7.noarch                  132/233
  Verifying  : nss-pem-1.0.3-7.el7.x86_64                               133/233
  Verifying  : systemd-219-78.el7.x86_64                                134/233
  Verifying  : 7:device-mapper-1.02.170-6.el7.x86_64                    135/233
  Verifying  : iwl100-firmware-39.31.5.1-79.el7.noarch                  136/233
  Verifying  : openssh-server-7.4p1-21.el7.x86_64                       137/233
  Verifying  : libblkid-2.23.2-65.el7.x86_64                            138/233
  Verifying  : 1:grub2-common-2.02-0.86.el7.centos.noarch               139/233
  Verifying  : rpm-libs-4.11.3-45.el7.x86_64                            140/233
  Verifying  : iwl6000g2b-firmware-18.168.6.1-79.el7.noarch             141/233
  Verifying  : 12:dhcp-libs-4.2.5-82.el7.centos.x86_64                  142/233
  Verifying  : 1:grub2-tools-2.02-0.86.el7.centos.x86_64                143/233
  Verifying  : 1:openssl-libs-1.0.2k-19.el7.x86_64                      144/233
  Verifying  : 1:NetworkManager-team-1.18.8-1.el7.x86_64                145/233
  Verifying  : kernel-tools-libs-3.10.0-1160.el7.x86_64                 146/233
  Verifying  : iwl3160-firmware-25.30.13.0-79.el7.noarch                147/233
  Verifying  : iwl6000-firmware-9.221.4.1-79.el7.noarch                 148/233
  Verifying  : sudo-1.8.23-10.el7.x86_64                                149/233
  Verifying  : 7:lvm2-2.02.187-6.el7.x86_64                             150/233
  Verifying  : nss-3.44.0-7.el7_7.x86_64                                151/233
  Verifying  : iwl3945-firmware-15.32.2.9-79.el7.noarch                 152/233
  Verifying  : selinux-policy-3.13.1-268.el7.noarch                     153/233
  Verifying  : 1:NetworkManager-libnm-1.18.8-1.el7.x86_64               154/233
  Verifying  : libuuid-2.23.2-65.el7.x86_64                             155/233
  Verifying  : 2:vim-minimal-7.4.629-7.el7.x86_64                       156/233
  Verifying  : nss-tools-3.44.0-7.el7_7.x86_64                          157/233
  Verifying  : 12:dhclient-4.2.5-82.el7.centos.x86_64                   158/233
  Verifying  : 1:wpa_supplicant-2.6-12.el7.x86_64                       159/233
  Verifying  : 2:microcode_ctl-2.1-73.el7.x86_64                        160/233
  Verifying  : 1:grub2-2.02-0.86.el7.centos.x86_64                      161/233
  Verifying  : kbd-misc-1.15.5-15.el7.noarch                            162/233
  Verifying  : 1:NetworkManager-1.18.8-1.el7.x86_64                     163/233
  Verifying  : initscripts-9.49.53-1.el7.x86_64                         164/233
  Verifying  : 32:bind-export-libs-9.11.4-26.P2.el7.x86_64              165/233
  Verifying  : rsyslog-8.24.0-55.el7.x86_64                             166/233
  Verifying  : nss-sysinit-3.44.0-7.el7_7.x86_64                        167/233
  Verifying  : iwl6050-firmware-41.28.5.1-79.el7.noarch                 168/233
  Verifying  : iwl135-firmware-18.168.6.1-79.el7.noarch                 169/233
  Verifying  : openssh-clients-7.4p1-21.el7.x86_64                      170/233
  Verifying  : 1:openssl-1.0.2k-19.el7.x86_64                           171/233
  Verifying  : 7:device-mapper-event-libs-1.02.170-6.el7.x86_64         172/233
  Verifying  : rpm-python-4.11.3-45.el7.x86_64                          173/233
  Verifying  : coreutils-8.22-24.el7.x86_64                             174/233
  Verifying  : tzdata-2020a-1.el7.noarch                                175/233
  Verifying  : libcurl-7.29.0-59.el7.x86_64                             176/233
  Verifying  : 7:lvm2-libs-2.02.187-6.el7.x86_64                        177/233
  Verifying  : 1:grub2-pc-2.02-0.86.el7.centos.x86_64                   178/233
  Verifying  : krb5-libs-1.15.1-50.el7.x86_64                           179/233
  Verifying  : cronie-anacron-1.4.11-23.el7.x86_64                      180/233
  Verifying  : gzip-1.5-10.el7.x86_64                                   181/233
  Verifying  : nspr-4.21.0-1.el7.x86_64                                 182/233
  Verifying  : nss-softokn-freebl-3.44.0-8.el7_7.x86_64                 183/233
  Verifying  : iwl5000-firmware-8.83.5.1_1-79.el7.noarch                184/233
  Verifying  : python-firewall-0.6.3-11.el7.noarch                      185/233
  Verifying  : rpm-build-libs-4.11.3-45.el7.x86_64                      186/233
  Verifying  : iwl4965-firmware-228.61.2.24-79.el7.noarch               187/233
  Verifying  : binutils-2.27-44.base.el7.x86_64                         188/233
  Verifying  : libxml2-2.9.1-6.el7.5.x86_64                             189/233
  Verifying  : libcroco-0.6.12-4.el7.x86_64                             190/233
  Verifying  : centos-release-7-9.2009.0.el7.centos.x86_64              191/233
  Verifying  : systemd-libs-219-78.el7.x86_64                           192/233
  Verifying  : 1:dmidecode-3.2-5.el7.x86_64                             193/233
  Verifying  : iwl7260-firmware-25.30.13.0-79.el7.noarch                194/233
  Verifying  : cronie-1.4.11-23.el7.x86_64                              195/233
  Verifying  : openldap-2.4.44-22.el7.x86_64                            196/233
  Verifying  : iwl6000g2a-firmware-18.168.6.1-79.el7.noarch             197/233
  Verifying  : kbd-legacy-1.15.5-15.el7.noarch                          198/233
  Verifying  : tuned-2.11.0-9.el7.noarch                                199/233
  Verifying  : iwl2030-firmware-18.168.6.1-79.el7.noarch                200/233
  Verifying  : 7:device-mapper-libs-1.02.170-6.el7.x86_64               201/233
  Verifying  : kbd-1.15.5-15.el7.x86_64                                 202/233
  Verifying  : python-perf-3.10.0-1160.el7.x86_64                       203/233
  Verifying  : 1:NetworkManager-tui-1.18.8-1.el7.x86_64                 204/233
  Verifying  : diffutils-3.3-5.el7.x86_64                               205/233
  Verifying  : xz-libs-5.2.2-1.el7.x86_64                               206/233
  Verifying  : polkit-0.112-26.el7.x86_64                               207/233
  Verifying  : curl-7.29.0-59.el7.x86_64                                208/233
  Verifying  : iprutils-2.4.17.1-3.el7.x86_64                           209/233
  Verifying  : 1:NetworkManager-wifi-1.18.8-1.el7.x86_64                210/233
  Verifying  : 1:grub2-pc-modules-2.02-0.86.el7.centos.noarch           211/233
  Verifying  : expat-2.1.0-12.el7.x86_64                                212/233
  Verifying  : glibc-2.17-317.el7.x86_64                                213/233
  Verifying  : bash-4.2.46-34.el7.x86_64                                214/233
  Verifying  : openssh-7.4p1-21.el7.x86_64                              215/233
  Verifying  : kpartx-0.4.9-133.el7.x86_64                              216/233
  Verifying  : nss-util-3.44.0-4.el7_7.x86_64                           217/233
  Verifying  : python-libs-2.7.5-89.el7.x86_64                          218/233
  Verifying  : iwl105-firmware-18.168.6.1-79.el7.noarch                 219/233
  Verifying  : kernel-tools-3.10.0-1160.el7.x86_64                      220/233
  Verifying  : xz-5.2.2-1.el7.x86_64                                    221/233
  Verifying  : 12:dhcp-common-4.2.5-82.el7.centos.x86_64                222/233
  Verifying  : firewalld-0.6.3-11.el7.noarch                            223/233
  Verifying  : kexec-tools-2.0.15-51.el7.x86_64                         224/233
  Verifying  : 1:grub2-tools-minimal-2.02-0.86.el7.centos.x86_64        225/233
  Verifying  : nss-softokn-3.44.0-8.el7_7.x86_64                        226/233
  Verifying  : systemd-sysv-219-78.el7.x86_64                           227/233
  Verifying  : 1:grub2-tools-extra-2.02-0.86.el7.centos.x86_64          228/233
  Verifying  : device-mapper-persistent-data-0.8.5-3.el7.x86_64         229/233
  Verifying  : libsmartcols-2.23.2-65.el7.x86_64                        230/233
  Verifying  : cyrus-sasl-lib-2.1.26-23.el7.x86_64                      231/233
  Verifying  : util-linux-2.23.2-65.el7.x86_64                          232/233
  Verifying  : libmount-2.23.2-65.el7.x86_64                            233/233

Installed:
  kernel.x86_64 0:3.10.0-1160.92.1.el7

Updated:
  NetworkManager.x86_64 1:1.18.8-2.el7_9
  NetworkManager-libnm.x86_64 1:1.18.8-2.el7_9
  NetworkManager-team.x86_64 1:1.18.8-2.el7_9
  NetworkManager-tui.x86_64 1:1.18.8-2.el7_9
  NetworkManager-wifi.x86_64 1:1.18.8-2.el7_9
  bash.x86_64 0:4.2.46-35.el7_9
  bind-export-libs.x86_64 32:9.11.4-26.P2.el7_9.13
  binutils.x86_64 0:2.27-44.base.el7_9.1
  ca-certificates.noarch 0:2022.2.54-74.el7_9
  centos-release.x86_64 0:7-9.2009.1.el7.centos
  coreutils.x86_64 0:8.22-24.el7_9.2
  cronie.x86_64 0:1.4.11-25.el7_9
  cronie-anacron.x86_64 0:1.4.11-25.el7_9
  curl.x86_64 0:7.29.0-59.el7_9.1
  cyrus-sasl-lib.x86_64 0:2.1.26-24.el7_9
  device-mapper.x86_64 7:1.02.170-6.el7_9.5
  device-mapper-event.x86_64 7:1.02.170-6.el7_9.5
  device-mapper-event-libs.x86_64 7:1.02.170-6.el7_9.5
  device-mapper-libs.x86_64 7:1.02.170-6.el7_9.5
  device-mapper-persistent-data.x86_64 0:0.8.5-3.el7_9.2
  dhclient.x86_64 12:4.2.5-83.el7.centos.1
  dhcp-common.x86_64 12:4.2.5-83.el7.centos.1
  dhcp-libs.x86_64 12:4.2.5-83.el7.centos.1
  diffutils.x86_64 0:3.3-6.el7_9
  dmidecode.x86_64 1:3.2-5.el7_9.1
  expat.x86_64 0:2.1.0-15.el7_9
  firewalld.noarch 0:0.6.3-13.el7_9
  firewalld-filesystem.noarch 0:0.6.3-13.el7_9
  freetype.x86_64 0:2.8-14.el7_9.1
  glib2.x86_64 0:2.56.1-9.el7_9
  glibc.x86_64 0:2.17-326.el7_9
  glibc-common.x86_64 0:2.17-326.el7_9
  grub2.x86_64 1:2.02-0.87.0.2.el7.centos.11
  grub2-common.noarch 1:2.02-0.87.0.2.el7.centos.11
  grub2-pc.x86_64 1:2.02-0.87.0.2.el7.centos.11
  grub2-pc-modules.noarch 1:2.02-0.87.0.2.el7.centos.11
  grub2-tools.x86_64 1:2.02-0.87.0.2.el7.centos.11
  grub2-tools-extra.x86_64 1:2.02-0.87.0.2.el7.centos.11
  grub2-tools-minimal.x86_64 1:2.02-0.87.0.2.el7.centos.11
  gzip.x86_64 0:1.5-11.el7_9
  initscripts.x86_64 0:9.49.53-1.el7_9.1
  iprutils.x86_64 0:2.4.17.1-3.el7_7
  iwl100-firmware.noarch 0:39.31.5.1-80.el7_9
  iwl1000-firmware.noarch 1:39.31.5.1-80.el7_9
  iwl105-firmware.noarch 0:18.168.6.1-80.el7_9
  iwl135-firmware.noarch 0:18.168.6.1-80.el7_9
  iwl2000-firmware.noarch 0:18.168.6.1-80.el7_9
  iwl2030-firmware.noarch 0:18.168.6.1-80.el7_9
  iwl3160-firmware.noarch 0:25.30.13.0-80.el7_9
  iwl3945-firmware.noarch 0:15.32.2.9-80.el7_9
  iwl4965-firmware.noarch 0:228.61.2.24-80.el7_9
  iwl5000-firmware.noarch 0:8.83.5.1_1-80.el7_9
  iwl5150-firmware.noarch 0:8.24.2.2-80.el7_9
  iwl6000-firmware.noarch 0:9.221.4.1-80.el7_9
  iwl6000g2a-firmware.noarch 0:18.168.6.1-80.el7_9
  iwl6000g2b-firmware.noarch 0:18.168.6.1-80.el7_9
  iwl6050-firmware.noarch 0:41.28.5.1-80.el7_9
  iwl7260-firmware.noarch 0:25.30.13.0-80.el7_9
  kbd.x86_64 0:1.15.5-16.el7_9
  kbd-legacy.noarch 0:1.15.5-16.el7_9
  kbd-misc.noarch 0:1.15.5-16.el7_9
  kernel-tools.x86_64 0:3.10.0-1160.92.1.el7
  kernel-tools-libs.x86_64 0:3.10.0-1160.92.1.el7
  kexec-tools.x86_64 0:2.0.15-51.el7_9.3
  kpartx.x86_64 0:0.4.9-136.el7_9
  krb5-libs.x86_64 0:1.15.1-55.el7_9
  libblkid.x86_64 0:2.23.2-65.el7_9.1
  libcroco.x86_64 0:0.6.12-6.el7_9
  libcurl.x86_64 0:7.29.0-59.el7_9.1
  libmount.x86_64 0:2.23.2-65.el7_9.1
  libsmartcols.x86_64 0:2.23.2-65.el7_9.1
  libuuid.x86_64 0:2.23.2-65.el7_9.1
  libxml2.x86_64 0:2.9.1-6.el7_9.6
  linux-firmware.noarch 0:20200421-80.git78c0348.el7_9
  lvm2.x86_64 7:2.02.187-6.el7_9.5
  lvm2-libs.x86_64 7:2.02.187-6.el7_9.5
  microcode_ctl.x86_64 2:2.1-73.15.el7_9
  nspr.x86_64 0:4.34.0-3.1.el7_9
  nss.x86_64 0:3.79.0-5.el7_9
  nss-pem.x86_64 0:1.0.3-7.el7_9.1
  nss-softokn.x86_64 0:3.79.0-4.el7_9
  nss-softokn-freebl.x86_64 0:3.79.0-4.el7_9
  nss-sysinit.x86_64 0:3.79.0-5.el7_9
  nss-tools.x86_64 0:3.79.0-5.el7_9
  nss-util.x86_64 0:3.79.0-1.el7_9
  openldap.x86_64 0:2.4.44-25.el7_9
  openssh.x86_64 0:7.4p1-22.el7_9
  openssh-clients.x86_64 0:7.4p1-22.el7_9
  openssh-server.x86_64 0:7.4p1-22.el7_9
  openssl.x86_64 1:1.0.2k-26.el7_9
  openssl-libs.x86_64 1:1.0.2k-26.el7_9
  polkit.x86_64 0:0.112-26.el7_9.1
  python.x86_64 0:2.7.5-93.el7_9
  python-firewall.noarch 0:0.6.3-13.el7_9
  python-libs.x86_64 0:2.7.5-93.el7_9
  python-perf.x86_64 0:3.10.0-1160.92.1.el7
  rpm.x86_64 0:4.11.3-48.el7_9
  rpm-build-libs.x86_64 0:4.11.3-48.el7_9
  rpm-libs.x86_64 0:4.11.3-48.el7_9
  rpm-python.x86_64 0:4.11.3-48.el7_9
  rsyslog.x86_64 0:8.24.0-57.el7_9.3
  selinux-policy.noarch 0:3.13.1-268.el7_9.2
  selinux-policy-targeted.noarch 0:3.13.1-268.el7_9.2
  sudo.x86_64 0:1.8.23-10.el7_9.3
  systemd.x86_64 0:219-78.el7_9.7
  systemd-libs.x86_64 0:219-78.el7_9.7
  systemd-sysv.x86_64 0:219-78.el7_9.7
  tuned.noarch 0:2.11.0-12.el7_9
  tzdata.noarch 0:2023c-1.el7
  util-linux.x86_64 0:2.23.2-65.el7_9.1
  vim-minimal.x86_64 2:7.4.629-8.el7_9
  virt-what.x86_64 0:1.18-4.el7_9.1
  wpa_supplicant.x86_64 1:2.6-12.el7_9.2
  xz.x86_64 0:5.2.2-2.el7_9
  xz-libs.x86_64 0:5.2.2-2.el7_9
  zlib.x86_64 0:1.2.7-21.el7_9

Complete!
[root@localhost ~]# yum install mdadm -y
Loaded plugins: fastestmirror
Loading mirror speeds from cached hostfile
 * base: centos.excellmedia.net
 * extras: centos.excellmedia.net
 * updates: centos.excellmedia.net
Resolving Dependencies
--> Running transaction check
---> Package mdadm.x86_64 0:4.1-9.el7_9 will be installed
--> Processing Dependency: libreport-filesystem for package: mdadm-4.1-9.el7_9.x86_64
--> Running transaction check
---> Package libreport-filesystem.x86_64 0:2.1.11-53.el7.centos will be installed
--> Finished Dependency Resolution

Dependencies Resolved

==========================================================================================
 Package                    Arch         Version                      Repository     Size
==========================================================================================
Installing:
 mdadm                      x86_64       4.1-9.el7_9                  updates       439 k
Installing for dependencies:
 libreport-filesystem       x86_64       2.1.11-53.el7.centos         base           41 k

Transaction Summary
==========================================================================================
Install  1 Package (+1 Dependent package)

Total download size: 480 k
Installed size: 1.0 M
Downloading packages:
(1/2): libreport-filesystem-2.1.11-53.el7.centos.x86_64.rpm        |  41 kB  00:00:00
(2/2): mdadm-4.1-9.el7_9.x86_64.rpm                                | 439 kB  00:00:00
------------------------------------------------------------------------------------------
Total                                                     1.5 MB/s | 480 kB  00:00:00
Running transaction check
Running transaction test
Transaction test succeeded
Running transaction
  Installing : libreport-filesystem-2.1.11-53.el7.centos.x86_64                       1/2
  Installing : mdadm-4.1-9.el7_9.x86_64                                               2/2
  Verifying  : mdadm-4.1-9.el7_9.x86_64                                               1/2
  Verifying  : libreport-filesystem-2.1.11-53.el7.centos.x86_64                       2/2

Installed:
  mdadm.x86_64 0:4.1-9.el7_9

Dependency Installed:
  libreport-filesystem.x86_64 0:2.1.11-53.el7.centos

Complete!
[root@localhost ~]# lsblk
NAME            MAJ:MIN RM  SIZE RO TYPE MOUNTPOINT
sda               8:0    0   20G  0 disk
├─sda1            8:1    0    1G  0 part /boot
└─sda2            8:2    0   19G  0 part
  ├─centos-root 253:0    0   17G  0 lvm  /
  └─centos-swap 253:1    0    2G  0 lvm  [SWAP]
sdb               8:16   0   20G  0 disk
sdc               8:32   0   20G  0 disk
sr0              11:0    1  973M  0 rom
[root@localhost ~]# mdadm --create --verbose /dev/md0 --level=1 --raid-devices=2 /dev/sdb              /dev/sdc
mdadm: Note: this array has metadata at the start and
    may not be suitable as a boot device.  If you plan to
    store '/boot' on this device please ensure that
    your boot-loader understands md/v1.x metadata, or use
    --metadata=0.90
mdadm: size set to 20954112K
Continue creating array? yes
mdadm: Defaulting to version 1.2 metadata
mdadm: array /dev/md0 started.
[root@localhost ~]# cat /proc/mdstat
Personalities : [raid1]
md0 : active raid1 sdc[1] sdb[0]
      20954112 blocks super 1.2 [2/2] [UU]
      [====>................]  resync = 20.0% (4200192/20954112) finish=1.3min speed=21000             9K/sec

unused devices: <none>
[root@localhost ~]# mdadm  --examine /dev/sdb
/dev/sdb:
          Magic : a92b4efc
        Version : 1.2
    Feature Map : 0x0
     Array UUID : 5a5e1f53:e0bd03dd:60b61052:9d4ad7d2
           Name : localhost.localdomain:0  (local to host localhost.localdomain)
  Creation Time : Sat Jul  8 20:55:06 2023
     Raid Level : raid1
   Raid Devices : 2

 Avail Dev Size : 41908224 sectors (19.98 GiB 21.46 GB)
     Array Size : 20954112 KiB (19.98 GiB 21.46 GB)
    Data Offset : 34816 sectors
   Super Offset : 8 sectors
   Unused Space : before=34664 sectors, after=0 sectors
          State : active
    Device UUID : 217353c0:e85f73c0:0f3c40c2:37f54e61

    Update Time : Sat Jul  8 20:55:45 2023
  Bad Block Log : 512 entries available at offset 136 sectors
       Checksum : 8414c8fb - correct
         Events : 6


   Device Role : Active device 0
   Array State : AA ('A' == active, '.' == missing, 'R' == replacing)
[root@localhost ~]# mdadm  --examine /dev/sdc
/dev/sdc:
          Magic : a92b4efc
        Version : 1.2
    Feature Map : 0x0
     Array UUID : 5a5e1f53:e0bd03dd:60b61052:9d4ad7d2
           Name : localhost.localdomain:0  (local to host localhost.localdomain)
  Creation Time : Sat Jul  8 20:55:06 2023
     Raid Level : raid1
   Raid Devices : 2

 Avail Dev Size : 41908224 sectors (19.98 GiB 21.46 GB)
     Array Size : 20954112 KiB (19.98 GiB 21.46 GB)
    Data Offset : 34816 sectors
   Super Offset : 8 sectors
   Unused Space : before=34664 sectors, after=0 sectors
          State : active
    Device UUID : 88d220ca:b708d9ff:3a87fde4:f0ebd173

    Update Time : Sat Jul  8 20:56:05 2023
  Bad Block Log : 512 entries available at offset 136 sectors
       Checksum : 2fffb2e - correct
         Events : 9


   Device Role : Active device 1
   Array State : AA ('A' == active, '.' == missing, 'R' == replacing)
[root@localhost ~]# mdadm  --detail /dev/md0
/dev/md0:
           Version : 1.2
     Creation Time : Sat Jul  8 20:55:06 2023
        Raid Level : raid1
        Array Size : 20954112 (19.98 GiB 21.46 GB)
     Used Dev Size : 20954112 (19.98 GiB 21.46 GB)
      Raid Devices : 2
     Total Devices : 2
       Persistence : Superblock is persistent

       Update Time : Sat Jul  8 20:56:18 2023
             State : clean, resyncing
    Active Devices : 2
   Working Devices : 2
    Failed Devices : 0
     Spare Devices : 0

Consistency Policy : resync

     Resync Status : 70% complete

              Name : localhost.localdomain:0  (local to host localhost.localdomain)
              UUID : 5a5e1f53:e0bd03dd:60b61052:9d4ad7d2
            Events : 11

    Number   Major   Minor   RaidDevice State
       0       8       16        0      active sync   /dev/sdb
       1       8       32        1      active sync   /dev/sdc
[root@localhost ~]# mkfs.ext4 /dev/md0
mke2fs 1.42.9 (28-Dec-2013)
Filesystem label=
OS type: Linux
Block size=4096 (log=2)
Fragment size=4096 (log=2)
Stride=0 blocks, Stripe width=0 blocks
1310720 inodes, 5238528 blocks
261926 blocks (5.00%) reserved for the super user
First data block=0
Maximum filesystem blocks=2153775104
160 block groups
32768 blocks per group, 32768 fragments per group
8192 inodes per group
Superblock backups stored on blocks:
        32768, 98304, 163840, 229376, 294912, 819200, 884736, 1605632, 2654208,
        4096000

Allocating group tables: done
Writing inode tables: done
Creating journal (32768 blocks): done
Writing superblocks and filesystem accounting information: done

[root@localhost ~]# fdisk /dev/md0
Welcome to fdisk (util-linux 2.23.2).

Changes will remain in memory only, until you decide to write them.
Be careful before using the write command.

Device does not contain a recognized partition table
Building a new DOS disklabel with disk identifier 0x68396ce9.

Command (m for help): n
Partition type:
   p   primary (0 primary, 0 extended, 4 free)
   e   extended
Select (default p): p
Partition number (1-4, default 1):
First sector (2048-41908223, default 2048):
Using default value 2048
Last sector, +sectors or +size{K,M,G} (2048-41908223, default 41908223):
Using default value 41908223
Partition 1 of type Linux and of size 20 GiB is set

Command (m for help): w
The partition table has been altered!

Calling ioctl() to re-read partition table.
Syncing disks.
[root@localhost ~]# mkdir /mnt/raid1
[root@localhost ~]# mount /dev/md0 /mnt/raid1
[root@localhost ~]# ls -la /mnt/raid1
total 20
drwxr-xr-x. 3 root root  4096 Jul  8 20:56 .
drwxr-xr-x. 3 root root    19 Jul  8 20:58 ..
drwx------. 2 root root 16384 Jul  8 20:56 lost+found
[root@localhost ~]# df -h
Filesystem               Size  Used Avail Use% Mounted on
devtmpfs                 475M     0  475M   0% /dev
tmpfs                    487M     0  487M   0% /dev/shm
tmpfs                    487M  7.7M  479M   2% /run
tmpfs                    487M     0  487M   0% /sys/fs/cgroup
/dev/mapper/centos-root   17G  1.7G   16G  10% /
/dev/sda1               1014M  168M  847M  17% /boot
tmpfs                     98M     0   98M   0% /run/user/0
/dev/md0                  20G   45M   19G   1% /mnt/raid1
[root@localhost ~]# cd /mnt/raid1/
[root@localhost raid1]# ls
lost+found
[root@localhost raid1]# touch test
[root@localhost raid1]# ls
lost+found  test
[root@localhost raid1]# dd if=/dev/zero of=500mb.file bs=1024 count=502400
502400+0 records in
502400+0 records out
514457600 bytes (514 MB) copied, 0.733627 s, 701 MB/s
[root@localhost raid1]# lsblk
NAME            MAJ:MIN RM  SIZE RO TYPE  MOUNTPOINT
sda               8:0    0   20G  0 disk
├─sda1            8:1    0    1G  0 part  /boot
└─sda2            8:2    0   19G  0 part
  ├─centos-root 253:0    0   17G  0 lvm   /
  └─centos-swap 253:1    0    2G  0 lvm   [SWAP]
sdb               8:16   0   20G  0 disk
└─md0             9:0    0   20G  0 raid1
  └─md0p1       259:1    0   20G  0 md
sdc               8:32   0   20G  0 disk
└─md0             9:0    0   20G  0 raid1
  └─md0p1       259:1    0   20G  0 md
sr0              11:0    1  973M  0 rom
[root@localhost raid1]# cd
[root@localhost ~]# df -h
Filesystem               Size  Used Avail Use% Mounted on
devtmpfs                 475M     0  475M   0% /dev
tmpfs                    487M     0  487M   0% /dev/shm
tmpfs                    487M  7.7M  479M   2% /run
tmpfs                    487M     0  487M   0% /sys/fs/cgroup
/dev/mapper/centos-root   17G  1.7G   16G  10% /
/dev/sda1               1014M  168M  847M  17% /boot
tmpfs                     98M     0   98M   0% /run/user/0
/dev/md0                  20G  535M   19G   3% /mnt/raid1
[root@localhost ~]# blkid
/dev/mapper/centos-root: UUID="9e58362b-78f2-4dc3-9d18-bd252ec4ff99" TYPE="xfs"
/dev/sda2: UUID="tE23TB-FBVR-FRUb-0hLP-hF7k-IPsp-dpyXwJ" TYPE="LVM2_member"
/dev/sda1: UUID="fbf76286-7b82-442d-abd8-5369f4f56909" TYPE="xfs"
/dev/mapper/centos-swap: UUID="145a7cb0-32d7-4ee8-a3bc-eaeac375dfd7" TYPE="swap"
/dev/sdb: UUID="5a5e1f53-e0bd-03dd-60b6-10529d4ad7d2" UUID_SUB="217353c0-e85f-73c0-0f3c-40             c237f54e61" LABEL="localhost.localdomain:0" TYPE="linux_raid_member"
/dev/sr0: UUID="2020-11-03-14-55-29-00" LABEL="CentOS 7 x86_64" TYPE="iso9660" PTTYPE="dos             "
/dev/sdc: UUID="5a5e1f53-e0bd-03dd-60b6-10529d4ad7d2" UUID_SUB="88d220ca-b708-d9ff-3a87-fd             e4f0ebd173" LABEL="localhost.localdomain:0" TYPE="linux_raid_member"
/dev/md0: UUID="c53f08eb-7a92-4c1f-9425-141e139f0773" TYPE="ext4" PTTYPE="dos"
[root@localhost ~]# vim /etc/fstab
-bash: vim: command not found
[root@localhost ~]# vi /etc/fstab
[root@localhost ~]# vi /etc/fstab
[root@localhost ~]# vi /etc/fstab
[root@localhost ~]# vi /etc/fstab
[root@localhost ~]# cat /etc/fstab

#
# /etc/fstab
# Created by anaconda on Sun Nov 27 00:26:18 2022
#
# Accessible filesystems, by reference, are maintained under '/dev/disk'
# See man pages fstab(5), findfs(8), mount(8) and/or blkid(8) for more info
#
/dev/mapper/centos-root /                       xfs     defaults        0 0
UUID=fbf76286-7b82-442d-abd8-5369f4f56909 /boot                   xfs     defaults        0 0
UUID=c53f08eb-7a92-4c1f-9425-141e139f0773 /mnt/raid1 ext4 defaults 0 0
/dev/mapper/centos-swap swap                    swap    defaults        0 0
[root@localhost ~]# mount -a
[root@localhost ~]# cd /mnt/raid1/
[root@localhost raid1]# vi test.txt
[root@localhost raid1]# cat test.txt
this is the sbm lab.
[root@localhost raid1]# pwd
/mnt/raid1
[root@localhost raid1]# halt

Remote side unexpectedly closed network connection

───────────────────────────────────────────────────────────────────────────────────────────────────────

-->>delete the hard drive and check it that the test.txt file is available or not?

Session stopped
    - Press <Return> to exit tab
    - Press R to restart session
    - Press S to save terminal output to file
login as: root
root@192.168.15.168's password:
    ┌──────────────────────────────────────────────────────────────────────┐
    │                 • MobaXterm Personal Edition v23.0 •                 │
    │               (SSH client, X server and network tools)               │
    │                                                                      │
    │ ⮞ SSH session to root@192.168.15.168                                 │
    │   • Direct SSH      :  ✓                                             │
    │   • SSH compression :  ✓                                             │
    │   • SSH-browser     :  ✓                                             │
    │   • X11-forwarding  :  ✗  (disabled or not supported by server)      │
    │                                                                      │
    │ ⮞ For more info, ctrl+click on help or visit our website.            │
    └──────────────────────────────────────────────────────────────────────┘

Last login: Sat Jul  8 21:22:56 2023
[root@localhost ~]# cd /mnt/raid1/
[root@localhost raid1]# cat test.txt
this is the sbm lab.
[root@localhost raid1]# mdadm --detail /dev/md0
/dev/md0:
           Version : 1.2
     Creation Time : Sat Jul  8 20:55:06 2023
        Raid Level : raid1
        Array Size : 20954112 (19.98 GiB 21.46 GB)
     Used Dev Size : 20954112 (19.98 GiB 21.46 GB)
      Raid Devices : 2
     Total Devices : 1
       Persistence : Superblock is persistent

       Update Time : Sat Jul  8 21:24:07 2023
             State : clean, degraded
    Active Devices : 1
   Working Devices : 1
    Failed Devices : 0
     Spare Devices : 0

Consistency Policy : resync

              Name : localhost.localdomain:0  (local to host localhost.localdomain)
              UUID : 5a5e1f53:e0bd03dd:60b61052:9d4ad7d2
            Events : 25

    Number   Major   Minor   RaidDevice State
       0       8       16        0      active sync   /dev/sdb
       -       0        0        1      removed
[root@localhost raid1]# halt

Remote side unexpectedly closed network connection

───────────────────────────────────────────────────────────────────────────────────────────────────────

-->>Now add new hard disk drive and check it that the drive is recover or not?

Session stopped
    - Press <Return> to exit tab
    - Press R to restart session
    - Press S to save terminal output to file
login as: root
root@192.168.15.168's password:
    ┌──────────────────────────────────────────────────────────────────────┐
    │                 • MobaXterm Personal Edition v23.0 •                 │
    │               (SSH client, X server and network tools)               │
    │                                                                      │
    │ ⮞ SSH session to root@192.168.15.168                                 │
    │   • Direct SSH      :  ✓                                             │
    │   • SSH compression :  ✓                                             │
    │   • SSH-browser     :  ✓                                             │
    │   • X11-forwarding  :  ✗  (disabled or not supported by server)      │
    │                                                                      │
    │ ⮞ For more info, ctrl+click on help or visit our website.            │
    └──────────────────────────────────────────────────────────────────────┘

Last login: Sat Jul  8 21:27:12 2023
[root@localhost ~]# lsblk
NAME            MAJ:MIN RM  SIZE RO TYPE  MOUNTPOINT
sda               8:0    0   20G  0 disk
├─sda1            8:1    0    1G  0 part  /boot
└─sda2            8:2    0   19G  0 part
  ├─centos-root 253:0    0   17G  0 lvm   /
  └─centos-swap 253:1    0    2G  0 lvm   [SWAP]
sdb               8:16   0   20G  0 disk
└─md0             9:0    0   20G  0 raid1
  └─md0p1       259:0    0   20G  0 md
sdc               8:32   0   20G  0 disk
sr0              11:0    1  973M  0 rom
[root@localhost ~]# mdadm --detail /dev/md0
/dev/md0:
           Version : 1.2
     Creation Time : Sat Jul  8 20:55:06 2023
        Raid Level : raid1
        Array Size : 20954112 (19.98 GiB 21.46 GB)
     Used Dev Size : 20954112 (19.98 GiB 21.46 GB)
      Raid Devices : 2
     Total Devices : 1
       Persistence : Superblock is persistent

       Update Time : Sat Jul  8 21:26:58 2023
             State : clean, degraded
    Active Devices : 1
   Working Devices : 1
    Failed Devices : 0
     Spare Devices : 0

Consistency Policy : resync

              Name : localhost.localdomain:0  (local to host localhost.localdomain)
              UUID : 5a5e1f53:e0bd03dd:60b61052:9d4ad7d2
            Events : 31

    Number   Major   Minor   RaidDevice State
       0       8       16        0      active sync   /dev/sdb
       -       0        0        1      removed
[root@localhost ~]# mdadm --add /dev/md0 /dev/sdc
mdadm: added /dev/sdc
[root@localhost ~]# mdadm --detail /dev/md0
/dev/md0:
           Version : 1.2
     Creation Time : Sat Jul  8 20:55:06 2023
        Raid Level : raid1
        Array Size : 20954112 (19.98 GiB 21.46 GB)
     Used Dev Size : 20954112 (19.98 GiB 21.46 GB)
      Raid Devices : 2
     Total Devices : 2
       Persistence : Superblock is persistent

       Update Time : Sat Jul  8 21:29:02 2023
             State : clean, degraded, recovering
    Active Devices : 1
   Working Devices : 2
    Failed Devices : 0
     Spare Devices : 1

Consistency Policy : resync

    Rebuild Status : 14% complete

              Name : localhost.localdomain:0  (local to host localhost.localdomain)
              UUID : 5a5e1f53:e0bd03dd:60b61052:9d4ad7d2
            Events : 35

    Number   Major   Minor   RaidDevice State
       0       8       16        0      active sync   /dev/sdb
       2       8       32        1      spare rebuilding   /dev/sdc
[root@localhost ~]# cat /proc/mdstat
Personalities : [raid1]
md0 : active raid1 sdc[2] sdb[0]
      20954112 blocks super 1.2 [2/1] [U_]
